Archive member included to satisfy reference by file (symbol)

c:/st/stm32cubeide_1.10.1/stm32cubeide/plugins/com.st.stm32cube.ide.mcu.externaltools.gnu-tools-for-stm32.10.3-2021.10.win32_1.0.200.202301161003/tools/bin/../lib/gcc/arm-none-eabi/10.3.1/../../../../arm-none-eabi/lib/thumb/v7-m/nofp\libc_nano.a(lib_a-errno.o)
                              ./Core/Src/syscalls.o (__errno)
c:/st/stm32cubeide_1.10.1/stm32cubeide/plugins/com.st.stm32cube.ide.mcu.externaltools.gnu-tools-for-stm32.10.3-2021.10.win32_1.0.200.202301161003/tools/bin/../lib/gcc/arm-none-eabi/10.3.1/../../../../arm-none-eabi/lib/thumb/v7-m/nofp\libc_nano.a(lib_a-exit.o)
                              c:/st/stm32cubeide_1.10.1/stm32cubeide/plugins/com.st.stm32cube.ide.mcu.externaltools.gnu-tools-for-stm32.10.3-2021.10.win32_1.0.200.202301161003/tools/bin/../lib/gcc/arm-none-eabi/10.3.1/../../../../arm-none-eabi/lib/thumb/v7-m/nofp/crt0.o (exit)
c:/st/stm32cubeide_1.10.1/stm32cubeide/plugins/com.st.stm32cube.ide.mcu.externaltools.gnu-tools-for-stm32.10.3-2021.10.win32_1.0.200.202301161003/tools/bin/../lib/gcc/arm-none-eabi/10.3.1/../../../../arm-none-eabi/lib/thumb/v7-m/nofp\libc_nano.a(lib_a-impure.o)
                              c:/st/stm32cubeide_1.10.1/stm32cubeide/plugins/com.st.stm32cube.ide.mcu.externaltools.gnu-tools-for-stm32.10.3-2021.10.win32_1.0.200.202301161003/tools/bin/../lib/gcc/arm-none-eabi/10.3.1/../../../../arm-none-eabi/lib/thumb/v7-m/nofp\libc_nano.a(lib_a-exit.o) (_global_impure_ptr)
c:/st/stm32cubeide_1.10.1/stm32cubeide/plugins/com.st.stm32cube.ide.mcu.externaltools.gnu-tools-for-stm32.10.3-2021.10.win32_1.0.200.202301161003/tools/bin/../lib/gcc/arm-none-eabi/10.3.1/../../../../arm-none-eabi/lib/thumb/v7-m/nofp\libc_nano.a(lib_a-init.o)
                              c:/st/stm32cubeide_1.10.1/stm32cubeide/plugins/com.st.stm32cube.ide.mcu.externaltools.gnu-tools-for-stm32.10.3-2021.10.win32_1.0.200.202301161003/tools/bin/../lib/gcc/arm-none-eabi/10.3.1/../../../../arm-none-eabi/lib/thumb/v7-m/nofp/crt0.o (__libc_init_array)
c:/st/stm32cubeide_1.10.1/stm32cubeide/plugins/com.st.stm32cube.ide.mcu.externaltools.gnu-tools-for-stm32.10.3-2021.10.win32_1.0.200.202301161003/tools/bin/../lib/gcc/arm-none-eabi/10.3.1/../../../../arm-none-eabi/lib/thumb/v7-m/nofp\libc_nano.a(lib_a-memcpy-stub.o)
                              ./Core/Src/ModbusMaster.o (memcpy)
c:/st/stm32cubeide_1.10.1/stm32cubeide/plugins/com.st.stm32cube.ide.mcu.externaltools.gnu-tools-for-stm32.10.3-2021.10.win32_1.0.200.202301161003/tools/bin/../lib/gcc/arm-none-eabi/10.3.1/../../../../arm-none-eabi/lib/thumb/v7-m/nofp\libc_nano.a(lib_a-memset.o)
                              c:/st/stm32cubeide_1.10.1/stm32cubeide/plugins/com.st.stm32cube.ide.mcu.externaltools.gnu-tools-for-stm32.10.3-2021.10.win32_1.0.200.202301161003/tools/bin/../lib/gcc/arm-none-eabi/10.3.1/../../../../arm-none-eabi/lib/thumb/v7-m/nofp/crt0.o (memset)
c:/st/stm32cubeide_1.10.1/stm32cubeide/plugins/com.st.stm32cube.ide.mcu.externaltools.gnu-tools-for-stm32.10.3-2021.10.win32_1.0.200.202301161003/tools/bin/../lib/gcc/arm-none-eabi/10.3.1/../../../../arm-none-eabi/lib/thumb/v7-m/nofp\libc_nano.a(lib_a-printf.o)
                              ./Core/Src/main.o (printf)
c:/st/stm32cubeide_1.10.1/stm32cubeide/plugins/com.st.stm32cube.ide.mcu.externaltools.gnu-tools-for-stm32.10.3-2021.10.win32_1.0.200.202301161003/tools/bin/../lib/gcc/arm-none-eabi/10.3.1/../../../../arm-none-eabi/lib/thumb/v7-m/nofp\libc_nano.a(lib_a-puts.o)
                              ./Core/Src/main.o (puts)
c:/st/stm32cubeide_1.10.1/stm32cubeide/plugins/com.st.stm32cube.ide.mcu.externaltools.gnu-tools-for-stm32.10.3-2021.10.win32_1.0.200.202301161003/tools/bin/../lib/gcc/arm-none-eabi/10.3.1/../../../../arm-none-eabi/lib/thumb/v7-m/nofp\libc_nano.a(lib_a-setbuf.o)
                              ./Core/Src/main.o (setbuf)
c:/st/stm32cubeide_1.10.1/stm32cubeide/plugins/com.st.stm32cube.ide.mcu.externaltools.gnu-tools-for-stm32.10.3-2021.10.win32_1.0.200.202301161003/tools/bin/../lib/gcc/arm-none-eabi/10.3.1/../../../../arm-none-eabi/lib/thumb/v7-m/nofp\libc_nano.a(lib_a-setvbuf.o)
                              c:/st/stm32cubeide_1.10.1/stm32cubeide/plugins/com.st.stm32cube.ide.mcu.externaltools.gnu-tools-for-stm32.10.3-2021.10.win32_1.0.200.202301161003/tools/bin/../lib/gcc/arm-none-eabi/10.3.1/../../../../arm-none-eabi/lib/thumb/v7-m/nofp\libc_nano.a(lib_a-setbuf.o) (setvbuf)
c:/st/stm32cubeide_1.10.1/stm32cubeide/plugins/com.st.stm32cube.ide.mcu.externaltools.gnu-tools-for-stm32.10.3-2021.10.win32_1.0.200.202301161003/tools/bin/../lib/gcc/arm-none-eabi/10.3.1/../../../../arm-none-eabi/lib/thumb/v7-m/nofp\libc_nano.a(lib_a-wbuf.o)
[...]
Memory Configuration

Name             Origin             Length             Attributes
RAM              0x0000000020000000 0x0000000000002800 xrw
FLASH            0x0000000008000000 0x0000000000008000 xr
*default*        0x0000000000000000 0xffffffffffffffff

Linker script and memory map

LOAD c:/st/stm32cubeide_1.10.1/stm32cubeide/plugins/com.st.stm32cube.ide.mcu.externaltools.gnu-tools-for-stm32.10.3-2021.10.win32_1.0.200.202301161003/tools/bin/../lib/gcc/arm-none-eabi/10.3.1/thumb/v7-m/nofp/crti.o
LOAD c:/st/stm32cubeide_1.10.1/stm32cubeide/plugins/com.st.stm32cube.ide.mcu.externaltools.gnu-tools-for-stm32.10.3-2021.10.win32_1.0.200.202301161003/tools/bin/../lib/gcc/arm-none-eabi/10.3.1/thumb/v7-m/nofp/crtbegin.o
LOAD c:/st/stm32cubeide_1.10.1/stm32cubeide/plugins/com.st.stm32cube.ide.mcu.externaltools.gnu-tools-for-stm32.10.3-2021.10.win32_1.0.200.202301161003/tools/bin/../lib/gcc/arm-none-eabi/10.3.1/../../../../arm-none-eabi/lib/thumb/v7-m/nofp/crt0.o
LOAD ./Core/Src/ModbusMaster.o
LOAD ./Core/Src/main.o
LOAD ./Core/Src/modbus_crc.o
LOAD ./Core/Src/stm32f1xx_hal_msp.o
LOAD ./Core/Src/stm32f1xx_it.o
LOAD ./Core/Src/syscalls.o
LOAD ./Core/Src/sysmem.o
LOAD ./Core/Src/system_stm32f1xx.o
LOAD ./Core/Startup/startup_stm32f103c6tx.o
LOAD ./Core/W5500/W5500/w5500.o
LOAD ./Core/W5500/W5500_SPI.o
LOAD ./Core/W5500/dhcp.o
LOAD ./Core/W5500/socket.o
LOAD ./Core/W5500/wizchip_conf.o
LOAD ./Drivers/STM32F1xx_HAL_Driver/Src/stm32f1xx_hal.o
LOAD ./Drivers/STM32F1xx_HAL_Driver/Src/stm32f1xx_hal_cortex.o
LOAD ./Drivers/STM32F1xx_HAL_Driver/Src/stm32f1xx_hal_dma.o
LOAD ./Drivers/STM32F1xx_HAL_Driver/Src/stm32f1xx_hal_exti.o
LOAD ./Drivers/STM32F1xx_HAL_Driver/Src/stm32f1xx_hal_flash.o
LOAD ./Drivers/STM32F1xx_HAL_Driver/Src/stm32f1xx_hal_flash_ex.o
LOAD ./Drivers/STM32F1xx_HAL_Driver/Src/stm32f1xx_hal_gpio.o
LOAD ./Drivers/STM32F1xx_HAL_Driver/Src/stm32f1xx_hal_gpio_ex.o
LOAD ./Drivers/STM32F1xx_HAL_Driver/Src/stm32f1xx_hal_pwr.o
LOAD ./Drivers/STM32F1xx_HAL_Driver/Src/stm32f1xx_hal_rcc.o
LOAD ./Drivers/STM32F1xx_HAL_Driver/Src/stm32f1xx_hal_rcc_ex.o
LOAD ./Drivers/STM32F1xx_HAL_Driver/Src/stm32f1xx_hal_spi.o
LOAD ./Drivers/STM32F1xx_HAL_Driver/Src/stm32f1xx_hal_tim.o
LOAD ./Drivers/STM32F1xx_HAL_Driver/Src/stm32f1xx_hal_tim_ex.o
LOAD ./Drivers/STM32F1xx_HAL_Driver/Src/stm32f1xx_hal_uart.o
START GROUP
LOAD c:/st/stm32cubeide_1.10.1/stm32cubeide/plugins/com.st.stm32cube.ide.mcu.externaltools.gnu-tools-for-stm32.10.3-2021.10.win32_1.0.200.202301161003/tools/bin/../lib/gcc/arm-none-eabi/10.3.1/../../../../arm-none-eabi/lib/thumb/v7-m/nofp\libc_nano.a
LOAD c:/st/stm32cubeide_1.10.1/stm32cubeide/plugins/com.st.stm32cube.ide.mcu.externaltools.gnu-tools-for-stm32.10.3-2021.10.win32_1.0.200.202301161003/tools/bin/../lib/gcc/arm-none-eabi/10.3.1/../../../../arm-none-eabi/lib/thumb/v7-m/nofp\libm.a
END GROUP
START GROUP
LOAD c:/st/stm32cubeide_1.10.1/stm32cubeide/plugins/com.st.stm32cube.ide.mcu.externaltools.gnu-tools-for-stm32.10.3-2021.10.win32_1.0.200.202301161003/tools/bin/../lib/gcc/arm-none-eabi/10.3.1/thumb/v7-m/nofp\libgcc.a
LOAD c:/st/stm32cubeide_1.10.1/stm32cubeide/plugins/com.st.stm32cube.ide.mcu.externaltools.gnu-tools-for-stm32.10.3-2021.10.win32_1.0.200.202301161003/tools/bin/../lib/gcc/arm-none-eabi/10.3.1/../../../../arm-none-eabi/lib/thumb/v7-m/nofp\libc_nano.a
END GROUP
START GROUP
LOAD c:/st/stm32cubeide_1.10.1/stm32cubeide/plugins/com.st.stm32cube.ide.mcu.externaltools.gnu-tools-for-stm32.10.3-2021.10.win32_1.0.200.202301161003/tools/bin/../lib/gcc/arm-none-eabi/10.3.1/thumb/v7-m/nofp\libgcc.a
LOAD c:/st/stm32cubeide_1.10.1/stm32cubeide/plugins/com.st.stm32cube.ide.mcu.externaltools.gnu-tools-for-stm32.10.3-2021.10.win32_1.0.200.202301161003/tools/bin/../lib/gcc/arm-none-eabi/10.3.1/../../../../arm-none-eabi/lib/thumb/v7-m/nofp\libc_nano.a
LOAD c:/st/stm32cubeide_1.10.1/stm32cubeide/plugins/com.st.stm32cube.ide.mcu.externaltools.gnu-tools-for-stm32.10.3-2021.10.win32_1.0.200.202301161003/tools/bin/../lib/gcc/arm-none-eabi/10.3.1/../../../../arm-none-eabi/lib/thumb/v7-m/nofp\libnosys.a
END GROUP
START GROUP
LOAD c:/st/stm32cubeide_1.10.1/stm32cubeide/plugins/com.st.stm32cube.ide.mcu.externaltools.gnu-tools-for-stm32.10.3-2021.10.win32_1.0.200.202301161003/tools/bin/../lib/gcc/arm-none-eabi/10.3.1/thumb/v7-m/nofp\libgcc.a
LOAD c:/st/stm32cubeide_1.10.1/stm32cubeide/plugins/com.st.stm32cube.ide.mcu.externaltools.gnu-tools-for-stm32.10.3-2021.10.win32_1.0.200.202301161003/tools/bin/../lib/gcc/arm-none-eabi/10.3.1/../../../../arm-none-eabi/lib/thumb/v7-m/nofp\libc_nano.a
LOAD c:/st/stm32cubeide_1.10.1/stm32cubeide/plugins/com.st.stm32cube.ide.mcu.externaltools.gnu-tools-for-stm32.10.3-2021.10.win32_1.0.200.202301161003/tools/bin/../lib/gcc/arm-none-eabi/10.3.1/../../../../arm-none-eabi/lib/thumb/v7-m/nofp\libnosys.a
END GROUP
LOAD c:/st/stm32cubeide_1.10.1/stm32cubeide/plugins/com.st.stm32cube.ide.mcu.externaltools.gnu-tools-for-stm32.10.3-2021.10.win32_1.0.200.202301161003/tools/bin/../lib/gcc/arm-none-eabi/10.3.1/thumb/v7-m/nofp/crtend.o
LOAD c:/st/stm32cubeide_1.10.1/stm32cubeide/plugins/com.st.stm32cube.ide.mcu.externaltools.gnu-tools-for-stm32.10.3-2021.10.win32_1.0.200.202301161003/tools/bin/../lib/gcc/arm-none-eabi/10.3.1/thumb/v7-m/nofp/crtn.o
                0x0000000020002800                _estack = (ORIGIN (RAM) + LENGTH (RAM))
                0x0000000000000200                _Min_Heap_Size = 0x200
                0x0000000000000400                _Min_Stack_Size = 0x400

.isr_vector     0x0000000008000000      0x10c
                0x0000000008000000                . = ALIGN (0x4)
 *(.isr_vector)
 .isr_vector    0x0000000008000000      0x10c ./Core/Startup/startup_stm32f103c6tx.o
                0x0000000008000000                g_pfnVectors
                0x000000000800010c                . = ALIGN (0x4)

.text           0x000000000800010c     0x3ebc
                0x000000000800010c                . = ALIGN (0x4)
 *(.text)
 .text          0x000000000800010c       0x40 c:/st/stm32cubeide_1.10.1/stm32cubeide/plugins/com.st.stm32cube.ide.mcu.externaltools.gnu-tools-for-stm32.10.3-2021.10.win32_1.0.200.202301161003/tools/bin/../lib/gcc/arm-none-eabi/10.3.1/thumb/v7-m/nofp/crtbegin.o
 *(.text*)
 .text.my_ip_conflict
                0x000000000800014c       0x10 ./Core/Src/main.o
                0x000000000800014c                my_ip_conflict
 .text.Display_Net_Conf
                0x000000000800015c       0xb4 ./Core/Src/main.o
 .text.my_ip_assign
                0x0000000008000210       0x54 ./Core/Src/main.o
                0x0000000008000210                my_ip_assign
 .text.UWriteData
                0x0000000008000264       0x14 ./Core/Src/main.o
                0x0000000008000264                UWriteData
 .text.__io_putchar
                0x0000000008000278        0xe ./Core/Src/main.o
                0x0000000008000278                __io_putchar
 *fill*         0x0000000008000286        0x2 
 .text.PHYStatusCheck
                0x0000000008000288       0x48 ./Core/Src/main.o
                0x0000000008000288                PHYStatusCheck
 .text.PrintPHYConf
                0x00000000080002d0       0x70 ./Core/Src/main.o
                0x00000000080002d0                PrintPHYConf
 .text.SystemClock_Config
                0x0000000008000340       0x5e ./Core/Src/main.o
                0x0000000008000340                SystemClock_Config
 *fill*         0x000000000800039e        0x2 
 .text.startup.main
                0x00000000080003a0      0x1a4 ./Core/Src/main.o
                0x00000000080003a0                main
 .text.HAL_MspInit
                0x0000000008000544       0x44 ./Core/Src/stm32f1xx_hal_msp.o
                0x0000000008000544                HAL_MspInit
 .text.HAL_SPI_MspInit
                0x0000000008000588       0x74 ./Core/Src/stm32f1xx_hal_msp.o
                0x0000000008000588                HAL_SPI_MspInit
 .text.HAL_UART_MspInit
                0x00000000080005fc       0xc4 ./Core/Src/stm32f1xx_hal_msp.o
                0x00000000080005fc                HAL_UART_MspInit
 .text.NMI_Handler
                0x00000000080006c0        0x2 ./Core/Src/stm32f1xx_it.o
                0x00000000080006c0                NMI_Handler
 .text.HardFault_Handler
                0x00000000080006c2        0x2 ./Core/Src/stm32f1xx_it.o
                0x00000000080006c2                HardFault_Handler
 .text.MemManage_Handler
                0x00000000080006c4        0x2 ./Core/Src/stm32f1xx_it.o
                0x00000000080006c4                MemManage_Handler
 .text.BusFault_Handler
                0x00000000080006c6        0x2 ./Core/Src/stm32f1xx_it.o
                0x00000000080006c6                BusFault_Handler
 .text.UsageFault_Handler
                0x00000000080006c8        0x2 ./Core/Src/stm32f1xx_it.o
                0x00000000080006c8                UsageFault_Handler
 .text.SVC_Handler
                0x00000000080006ca        0x2 ./Core/Src/stm32f1xx_it.o
                0x00000000080006ca                SVC_Handler
 .text.DebugMon_Handler
                0x00000000080006cc        0x2 ./Core/Src/stm32f1xx_it.o
                0x00000000080006cc                DebugMon_Handler
 .text.PendSV_Handler
                0x00000000080006ce        0x2 ./Core/Src/stm32f1xx_it.o
                0x00000000080006ce                PendSV_Handler
 .text.SysTick_Handler
                0x00000000080006d0        0x4 ./Core/Src/stm32f1xx_it.o
                0x00000000080006d0                SysTick_Handler
 .text._read    0x00000000080006d4       0x1c ./Core/Src/syscalls.o
                0x00000000080006d4                _read
 .text._write   0x00000000080006f0       0x1c ./Core/Src/syscalls.o
                0x00000000080006f0                _write
 .text._close   0x000000000800070c        0x6 ./Core/Src/syscalls.o
                0x000000000800070c                _close
 .text._fstat   0x0000000008000712        0xa ./Core/Src/syscalls.o
                0x0000000008000712                _fstat
 .text._isatty  0x000000000800071c        0x4 ./Core/Src/syscalls.o
                0x000000000800071c                _isatty
 .text._lseek   0x0000000008000720        0x4 ./Core/Src/syscalls.o
                0x0000000008000720                _lseek
 .text._sbrk    0x0000000008000724       0x40 ./Core/Src/sysmem.o
                0x0000000008000724                _sbrk
 .text.SystemInit
                0x0000000008000764        0x2 ./Core/Src/system_stm32f1xx.o
                0x0000000008000764                SystemInit
 *fill*         0x0000000008000766        0x2 
 .text.Reset_Handler
                0x0000000008000768       0x48 ./Core/Startup/startup_stm32f103c6tx.o
                0x0000000008000768                Reset_Handler
 .text.Default_Handler
                0x00000000080007b0        0x2 ./Core/Startup/startup_stm32f103c6tx.o
                0x00000000080007b0                RTC_Alarm_IRQHandler
                0x00000000080007b0                EXTI2_IRQHandler
                0x00000000080007b0                TIM1_CC_IRQHandler
                0x00000000080007b0                PVD_IRQHandler
                0x00000000080007b0                EXTI3_IRQHandler
                0x00000000080007b0                EXTI0_IRQHandler
                0x00000000080007b0                ADC1_2_IRQHandler
                0x00000000080007b0                SPI1_IRQHandler
                0x00000000080007b0                TAMPER_IRQHandler
                0x00000000080007b0                DMA1_Channel4_IRQHandler
                0x00000000080007b0                RTC_IRQHandler
                0x00000000080007b0                DMA1_Channel7_IRQHandler
                0x00000000080007b0                CAN1_RX1_IRQHandler
                0x00000000080007b0                I2C1_EV_IRQHandler
                0x00000000080007b0                DMA1_Channel6_IRQHandler
                0x00000000080007b0                TIM3_IRQHandler
                0x00000000080007b0                RCC_IRQHandler
                0x00000000080007b0                TIM1_TRG_COM_IRQHandler
                0x00000000080007b0                DMA1_Channel1_IRQHandler
                0x00000000080007b0                Default_Handler
                0x00000000080007b0                EXTI15_10_IRQHandler
                0x00000000080007b0                EXTI9_5_IRQHandler
                0x00000000080007b0                DMA1_Channel5_IRQHandler
                0x00000000080007b0                EXTI4_IRQHandler
                0x00000000080007b0                USB_LP_CAN1_RX0_IRQHandler
                0x00000000080007b0                USB_HP_CAN1_TX_IRQHandler
                0x00000000080007b0                DMA1_Channel3_IRQHandler
                0x00000000080007b0                TIM1_UP_IRQHandler
                0x00000000080007b0                WWDG_IRQHandler
                0x00000000080007b0                TIM2_IRQHandler
                0x00000000080007b0                TIM1_BRK_IRQHandler
                0x00000000080007b0                EXTI1_IRQHandler
                0x00000000080007b0                USART2_IRQHandler
                0x00000000080007b0                DMA1_Channel2_IRQHandler
                0x00000000080007b0                CAN1_SCE_IRQHandler
                0x00000000080007b0                FLASH_IRQHandler
                0x00000000080007b0                USART1_IRQHandler
                0x00000000080007b0                I2C1_ER_IRQHandler
                0x00000000080007b0                USBWakeUp_IRQHandler
 *fill*         0x00000000080007b2        0x2 
 .text.WIZCHIP_READ
                0x00000000080007b4       0x5c ./Core/W5500/W5500/w5500.o
                0x00000000080007b4                WIZCHIP_READ
 .text.WIZCHIP_WRITE
                0x0000000008000810       0x64 ./Core/W5500/W5500/w5500.o
                0x0000000008000810                WIZCHIP_WRITE
 .text.WIZCHIP_READ_BUF
                0x0000000008000874       0x74 ./Core/W5500/W5500/w5500.o
                0x0000000008000874                WIZCHIP_READ_BUF
 .text.WIZCHIP_WRITE_BUF
                0x00000000080008e8       0x74 ./Core/W5500/W5500/w5500.o
                0x00000000080008e8                WIZCHIP_WRITE_BUF
 .text.getSn_TX_FSR
                0x000000000800095c       0x42 ./Core/W5500/W5500/w5500.o
                0x000000000800095c                getSn_TX_FSR
 .text.getSn_RX_RSR
                0x000000000800099e       0x42 ./Core/W5500/W5500/w5500.o
                0x000000000800099e                getSn_RX_RSR
 .text.wiz_send_data
                0x00000000080009e0       0x5a ./Core/W5500/W5500/w5500.o
                0x00000000080009e0                wiz_send_data
 .text.wiz_recv_data
                0x0000000008000a3a       0x5a ./Core/W5500/W5500/w5500.o
                0x0000000008000a3a                wiz_recv_data
 .text.wiz_recv_ignore
                0x0000000008000a94       0x3c ./Core/W5500/W5500/w5500.o
                0x0000000008000a94                wiz_recv_ignore
 .text.wizchip_select
                0x0000000008000ad0       0x10 ./Core/W5500/W5500_SPI.o
                0x0000000008000ad0                wizchip_select
 .text.wizchip_deselect
                0x0000000008000ae0       0x10 ./Core/W5500/W5500_SPI.o
                0x0000000008000ae0                wizchip_deselect
 .text.SPIReadWrite
                0x0000000008000af0       0x1c ./Core/W5500/W5500_SPI.o
                0x0000000008000af0                SPIReadWrite
 .text.wizchip_read
                0x0000000008000b0c        0x6 ./Core/W5500/W5500_SPI.o
                0x0000000008000b0c                wizchip_read
 .text.wizchip_write
                0x0000000008000b12        0x4 ./Core/W5500/W5500_SPI.o
                0x0000000008000b12                wizchip_write
 .text.wizchip_readburst
                0x0000000008000b16       0x18 ./Core/W5500/W5500_SPI.o
                0x0000000008000b16                wizchip_readburst
 .text.wizchip_writeburst
                0x0000000008000b2e       0x16 ./Core/W5500/W5500_SPI.o
                0x0000000008000b2e                wizchip_writeburst
 .text.W5500IOInit
                0x0000000008000b44       0x3c ./Core/W5500/W5500_SPI.o
                0x0000000008000b44                W5500IOInit
 .text.W5500Init
                0x0000000008000b80       0x9c ./Core/W5500/W5500_SPI.o
                0x0000000008000b80                W5500Init
 .text.default_ip_assign
                0x0000000008000c1c       0x38 ./Core/W5500/dhcp.o
                0x0000000008000c1c                default_ip_assign
 .text.default_ip_update
                0x0000000008000c54       0x28 ./Core/W5500/dhcp.o
                0x0000000008000c54                default_ip_update
 .text.default_ip_conflict
                0x0000000008000c7c       0x24 ./Core/W5500/dhcp.o
                0x0000000008000c7c                default_ip_conflict
 .text.reg_dhcp_cbfunc
                0x0000000008000ca0       0x40 ./Core/W5500/dhcp.o
                0x0000000008000ca0                reg_dhcp_cbfunc
 .text.makeDHCPMSG
                0x0000000008000ce0       0x98 ./Core/W5500/dhcp.o
                0x0000000008000ce0                makeDHCPMSG
 .text.send_DHCP_DECLINE
                0x0000000008000d78       0xe8 ./Core/W5500/dhcp.o
                0x0000000008000d78                send_DHCP_DECLINE
 .text.parseDHCPMSG
                0x0000000008000e60      0x254 ./Core/W5500/dhcp.o
                0x0000000008000e60                parseDHCPMSG
 .text.DHCP_stop
                0x00000000080010b4       0x1c ./Core/W5500/dhcp.o
                0x00000000080010b4                DHCP_stop
 .text.check_DHCP_leasedIP
                0x00000000080010d0       0x70 ./Core/W5500/dhcp.o
                0x00000000080010d0                check_DHCP_leasedIP
 .text.reset_DHCP_timeout
                0x0000000008001140       0x20 ./Core/W5500/dhcp.o
                0x0000000008001140                reset_DHCP_timeout
 .text.DHCP_init
                0x0000000008001160       0xb0 ./Core/W5500/dhcp.o
                0x0000000008001160                DHCP_init
 .text.getIPfromDHCP
                0x0000000008001210       0x18 ./Core/W5500/dhcp.o
                0x0000000008001210                getIPfromDHCP
 .text.getGWfromDHCP
                0x0000000008001228       0x18 ./Core/W5500/dhcp.o
                0x0000000008001228                getGWfromDHCP
 .text.getSNfromDHCP
                0x0000000008001240       0x18 ./Core/W5500/dhcp.o
                0x0000000008001240                getSNfromDHCP
 .text.getDNSfromDHCP
                0x0000000008001258       0x18 ./Core/W5500/dhcp.o
                0x0000000008001258                getDNSfromDHCP
 .text.getDHCPLeasetime
                0x0000000008001270        0xc ./Core/W5500/dhcp.o
                0x0000000008001270                getDHCPLeasetime
 .text.NibbleToHex
                0x000000000800127c        0xe ./Core/W5500/dhcp.o
                0x000000000800127c                NibbleToHex
 *fill*         0x000000000800128a        0x2 
 .text.send_DHCP_DISCOVER
                0x000000000800128c      0x1d4 ./Core/W5500/dhcp.o
                0x000000000800128c                send_DHCP_DISCOVER
 .text.send_DHCP_REQUEST
                0x0000000008001460      0x278 ./Core/W5500/dhcp.o
                0x0000000008001460                send_DHCP_REQUEST
 .text.check_DHCP_timeout
                0x00000000080016d8       0x80 ./Core/W5500/dhcp.o
                0x00000000080016d8                check_DHCP_timeout
 .text.DHCP_run
                0x0000000008001758      0x1c0 ./Core/W5500/dhcp.o
                0x0000000008001758                DHCP_run
 .text.close    0x0000000008001918       0x7c ./Core/W5500/socket.o
                0x0000000008001918                close
 .text.socket   0x0000000008001994      0x124 ./Core/W5500/socket.o
                0x0000000008001994                socket
 .text.sendto   0x0000000008001ab8      0x160 ./Core/W5500/socket.o
                0x0000000008001ab8                sendto
 .text.recvfrom
                0x0000000008001c18      0x208 ./Core/W5500/socket.o
                0x0000000008001c18                recvfrom
 .text.wizchip_cris_enter
                0x0000000008001e20        0x2 ./Core/W5500/wizchip_conf.o
                0x0000000008001e20                wizchip_cris_enter
 .text.wizchip_bus_readdata
                0x0000000008001e22        0x4 ./Core/W5500/wizchip_conf.o
                0x0000000008001e22                wizchip_bus_readdata
 .text.wizchip_bus_writedata
                0x0000000008001e26        0x4 ./Core/W5500/wizchip_conf.o
                0x0000000008001e26                wizchip_bus_writedata
 .text.wizchip_spi_readbyte
                0x0000000008001e2a        0x4 ./Core/W5500/wizchip_conf.o
                0x0000000008001e2a                wizchip_spi_readbyte
 .text.wizchip_spi_writebyte
                0x0000000008001e2e        0x2 ./Core/W5500/wizchip_conf.o
                0x0000000008001e2e                wizchip_spi_writebyte
 .text.wizchip_spi_readburst
                0x0000000008001e30        0x2 ./Core/W5500/wizchip_conf.o
                0x0000000008001e30                wizchip_spi_readburst
 .text.wizchip_spi_writeburst
                0x0000000008001e32        0x2 ./Core/W5500/wizchip_conf.o
                0x0000000008001e32                wizchip_spi_writeburst
 .text.wizchip_cris_exit
                0x0000000008001e34        0x2 ./Core/W5500/wizchip_conf.o
                0x0000000008001e34                wizchip_cris_exit
 .text.wizchip_cs_select
                0x0000000008001e36        0x2 ./Core/W5500/wizchip_conf.o
                0x0000000008001e36                wizchip_cs_select
 .text.wizchip_cs_deselect
                0x0000000008001e38        0x2 ./Core/W5500/wizchip_conf.o
                0x0000000008001e38                wizchip_cs_deselect
 *fill*         0x0000000008001e3a        0x2 
 .text.reg_wizchip_cs_cbfunc
                0x0000000008001e3c       0x24 ./Core/W5500/wizchip_conf.o
                0x0000000008001e3c                reg_wizchip_cs_cbfunc
 .text.reg_wizchip_spi_cbfunc
                0x0000000008001e60       0x2c ./Core/W5500/wizchip_conf.o
                0x0000000008001e60                reg_wizchip_spi_cbfunc
 .text.reg_wizchip_spiburst_cbfunc
                0x0000000008001e8c       0x2c ./Core/W5500/wizchip_conf.o
                0x0000000008001e8c                reg_wizchip_spiburst_cbfunc
 .text.wizchip_sw_reset
                0x0000000008001eb8       0x7a ./Core/W5500/wizchip_conf.o
                0x0000000008001eb8                wizchip_sw_reset
 .text.wizchip_init
                0x0000000008001f32       0x7a ./Core/W5500/wizchip_conf.o
                0x0000000008001f32                wizchip_init
 .text.wizchip_clrinterrupt
                0x0000000008001fac       0x2e ./Core/W5500/wizchip_conf.o
                0x0000000008001fac                wizchip_clrinterrupt
 .text.wizchip_getinterrupt
                0x0000000008001fda       0x22 ./Core/W5500/wizchip_conf.o
                0x0000000008001fda                wizchip_getinterrupt
 .text.wizchip_setinterruptmask
                0x0000000008001ffc       0x1c ./Core/W5500/wizchip_conf.o
                0x0000000008001ffc                wizchip_setinterruptmask
 .text.wizchip_getinterruptmask
                0x0000000008002018       0x1c ./Core/W5500/wizchip_conf.o
                0x0000000008002018                wizchip_getinterruptmask
 .text.wizphy_getphylink
                0x0000000008002034       0x10 ./Core/W5500/wizchip_conf.o
                0x0000000008002034                wizphy_getphylink
 .text.wizphy_getphypmode
                0x0000000008002044       0x18 ./Core/W5500/wizchip_conf.o
                0x0000000008002044                wizphy_getphypmode
 .text.wizphy_reset
                0x000000000800205c       0x30 ./Core/W5500/wizchip_conf.o
                0x000000000800205c                wizphy_reset
 .text.wizphy_setphyconf
                0x000000000800208c       0x46 ./Core/W5500/wizchip_conf.o
                0x000000000800208c                wizphy_setphyconf
 .text.wizphy_getphyconf
                0x00000000080020d2       0x6a ./Core/W5500/wizchip_conf.o
                0x00000000080020d2                wizphy_getphyconf
 .text.wizphy_setphypmode
                0x000000000800213c       0x52 ./Core/W5500/wizchip_conf.o
                0x000000000800213c                wizphy_setphypmode
 *fill*         0x000000000800218e        0x2 
 .text.ctlwizchip
                0x0000000008002190       0xe0 ./Core/W5500/wizchip_conf.o
                0x0000000008002190                ctlwizchip
 .text.wizchip_setnetinfo
                0x0000000008002270       0x5c ./Core/W5500/wizchip_conf.o
                0x0000000008002270                wizchip_setnetinfo
 .text.wizchip_getnetinfo
                0x00000000080022cc       0x5c ./Core/W5500/wizchip_conf.o
                0x00000000080022cc                wizchip_getnetinfo
 .text.wizchip_setnetmode
                0x0000000008002328       0x26 ./Core/W5500/wizchip_conf.o
                0x0000000008002328                wizchip_setnetmode
 .text.wizchip_getnetmode
                0x000000000800234e        0x6 ./Core/W5500/wizchip_conf.o
                0x000000000800234e                wizchip_getnetmode
 .text.wizchip_settimeout
                0x0000000008002354       0x28 ./Core/W5500/wizchip_conf.o
                0x0000000008002354                wizchip_settimeout
 .text.wizchip_gettimeout
                0x000000000800237c       0x28 ./Core/W5500/wizchip_conf.o
                0x000000000800237c                wizchip_gettimeout
 .text.ctlnetwork
                0x00000000080023a4       0x4c ./Core/W5500/wizchip_conf.o
                0x00000000080023a4                ctlnetwork
 .text.HAL_InitTick
                0x00000000080023f0       0x48 ./Drivers/STM32F1xx_HAL_Driver/Src/stm32f1xx_hal.o
                0x00000000080023f0                HAL_InitTick
 .text.HAL_Init
                0x0000000008002438       0x24 ./Drivers/STM32F1xx_HAL_Driver/Src/stm32f1xx_hal.o
                0x0000000008002438                HAL_Init
 .text.HAL_IncTick
                0x000000000800245c       0x18 ./Drivers/STM32F1xx_HAL_Driver/Src/stm32f1xx_hal.o
                0x000000000800245c                HAL_IncTick
 .text.HAL_GetTick
                0x0000000008002474        0xc ./Drivers/STM32F1xx_HAL_Driver/Src/stm32f1xx_hal.o
                0x0000000008002474                HAL_GetTick
 .text.HAL_Delay
                0x0000000008002480       0x24 ./Drivers/STM32F1xx_HAL_Driver/Src/stm32f1xx_hal.o
                0x0000000008002480                HAL_Delay
 .text.HAL_NVIC_SetPriorityGrouping
                0x00000000080024a4       0x24 ./Drivers/STM32F1xx_HAL_Driver/Src/stm32f1xx_hal_cortex.o
                0x00000000080024a4                HAL_NVIC_SetPriorityGrouping
 .text.HAL_NVIC_SetPriority
                0x00000000080024c8       0x64 ./Drivers/STM32F1xx_HAL_Driver/Src/stm32f1xx_hal_cortex.o
                0x00000000080024c8                HAL_NVIC_SetPriority
 .text.HAL_SYSTICK_Config
                0x000000000800252c       0x28 ./Drivers/STM32F1xx_HAL_Driver/Src/stm32f1xx_hal_cortex.o
                0x000000000800252c                HAL_SYSTICK_Config
 .text.HAL_GPIO_Init
                0x0000000008002554      0x1ac ./Drivers/STM32F1xx_HAL_Driver/Src/stm32f1xx_hal_gpio.o
                0x0000000008002554                HAL_GPIO_Init
 .text.HAL_GPIO_WritePin
                0x0000000008002700        0xa ./Drivers/STM32F1xx_HAL_Driver/Src/stm32f1xx_hal_gpio.o
                0x0000000008002700                HAL_GPIO_WritePin
 *fill*         0x000000000800270a        0x2 
 .text.HAL_RCC_OscConfig
                0x000000000800270c      0x338 ./Drivers/STM32F1xx_HAL_Driver/Src/stm32f1xx_hal_rcc.o
                0x000000000800270c                HAL_RCC_OscConfig
 .text.HAL_RCC_GetSysClockFreq
                0x0000000008002a44       0x4c ./Drivers/STM32F1xx_HAL_Driver/Src/stm32f1xx_hal_rcc.o
                0x0000000008002a44                HAL_RCC_GetSysClockFreq
 .text.HAL_RCC_ClockConfig
                0x0000000008002a90      0x138 ./Drivers/STM32F1xx_HAL_Driver/Src/stm32f1xx_hal_rcc.o
                0x0000000008002a90                HAL_RCC_ClockConfig
 .text.HAL_RCC_GetPCLK1Freq
                0x0000000008002bc8       0x20 ./Drivers/STM32F1xx_HAL_Driver/Src/stm32f1xx_hal_rcc.o
                0x0000000008002bc8                HAL_RCC_GetPCLK1Freq
 .text.HAL_RCC_GetPCLK2Freq
                0x0000000008002be8       0x20 ./Drivers/STM32F1xx_HAL_Driver/Src/stm32f1xx_hal_rcc.o
                0x0000000008002be8                HAL_RCC_GetPCLK2Freq
 .text.HAL_SPI_Init
                0x0000000008002c08       0xb0 ./Drivers/STM32F1xx_HAL_Driver/Src/stm32f1xx_hal_spi.o
                0x0000000008002c08                HAL_SPI_Init
 .text.UART_SetConfig
                0x0000000008002cb8       0x74 ./Drivers/STM32F1xx_HAL_Driver/Src/stm32f1xx_hal_uart.o
 .text.HAL_UART_Init
                0x0000000008002d2c       0x5e ./Drivers/STM32F1xx_HAL_Driver/Src/stm32f1xx_hal_uart.o
                0x0000000008002d2c                HAL_UART_Init
 *fill*         0x0000000008002d8a        0x2 
 .text.__errno  0x0000000008002d8c        0xc c:/st/stm32cubeide_1.10.1/stm32cubeide/plugins/com.st.stm32cube.ide.mcu.externaltools.gnu-tools-for-stm32.10.3-2021.10.win32_1.0.200.202301161003/tools/bin/../lib/gcc/arm-none-eabi/10.3.1/../../../../arm-none-eabi/lib/thumb/v7-m/nofp\libc_nano.a(lib_a-errno.o)
                0x0000000008002d8c                __errno
 .text.__libc_init_array
                0x0000000008002d98       0x48 c:/st/stm32cubeide_1.10.1/stm32cubeide/plugins/com.st.stm32cube.ide.mcu.externaltools.gnu-tools-for-stm32.10.3-2021.10.win32_1.0.200.202301161003/tools/bin/../lib/gcc/arm-none-eabi/10.3.1/../../../../arm-none-eabi/lib/thumb/v7-m/nofp\libc_nano.a(lib_a-init.o)
                0x0000000008002d98                __libc_init_array
 .text.memset   0x0000000008002de0       0x10 c:/st/stm32cubeide_1.10.1/stm32cubeide/plugins/com.st.stm32cube.ide.mcu.externaltools.gnu-tools-for-stm32.10.3-2021.10.win32_1.0.200.202301161003/tools/bin/../lib/gcc/arm-none-eabi/10.3.1/../../../../arm-none-eabi/lib/thumb/v7-m/nofp\libc_nano.a(lib_a-memset.o)
                0x0000000008002de0                memset
 .text.printf   0x0000000008002df0       0x30 c:/st/stm32cubeide_1.10.1/stm32cubeide/plugins/com.st.stm32cube.ide.mcu.externaltools.gnu-tools-for-stm32.10.3-2021.10.win32_1.0.200.202301161003/tools/bin/../lib/gcc/arm-none-eabi/10.3.1/../../../../arm-none-eabi/lib/thumb/v7-m/nofp\libc_nano.a(lib_a-printf.o)
                0x0000000008002df0                iprintf
                0x0000000008002df0                printf
 .text._puts_r  0x0000000008002e20       0xdc c:/st/stm32cubeide_1.10.1/stm32cubeide/plugins/com.st.stm32cube.ide.mcu.externaltools.gnu-tools-for-stm32.10.3-2021.10.win32_1.0.200.202301161003/tools/bin/../lib/gcc/arm-none-eabi/10.3.1/../../../../arm-none-eabi/lib/thumb/v7-m/nofp\libc_nano.a(lib_a-puts.o)
                0x0000000008002e20                _puts_r
 .text.puts     0x0000000008002efc       0x10 c:/st/stm32cubeide_1.10.1/stm32cubeide/plugins/com.st.stm32cube.ide.mcu.externaltools.gnu-tools-for-stm32.10.3-2021.10.win32_1.0.200.202301161003/tools/bin/../lib/gcc/arm-none-eabi/10.3.1/../../../../arm-none-eabi/lib/thumb/v7-m/nofp\libc_nano.a(lib_a-puts.o)
                0x0000000008002efc                puts
 .text.setbuf   0x0000000008002f0c       0x10 c:/st/stm32cubeide_1.10.1/stm32cubeide/plugins/com.st.stm32cube.ide.mcu.externaltools.gnu-tools-for-stm32.10.3-2021.10.win32_1.0.200.202301161003/tools/bin/../lib/gcc/arm-none-eabi/10.3.1/../../../../arm-none-eabi/lib/thumb/v7-m/nofp\libc_nano.a(lib_a-setbuf.o)
                0x0000000008002f0c                setbuf
 .text.setvbuf  0x0000000008002f1c      0x18c c:/st/stm32cubeide_1.10.1/stm32cubeide/plugins/com.st.stm32cube.ide.mcu.externaltools.gnu-tools-for-stm32.10.3-2021.10.win32_1.0.200.202301161003/tools/bin/../lib/gcc/arm-none-eabi/10.3.1/../../../../arm-none-eabi/lib/thumb/v7-m/nofp\libc_nano.a(lib_a-setvbuf.o)
                0x0000000008002f1c                setvbuf
 .text.__swbuf_r
                0x00000000080030a8       0xa4 c:/st/stm32cubeide_1.10.1/stm32cubeide/plugins/com.st.stm32cube.ide.mcu.externaltools.gnu-tools-for-stm32.10.3-2021.10.win32_1.0.200.202301161003/tools/bin/../lib/gcc/arm-none-eabi/10.3.1/../../../../arm-none-eabi/lib/thumb/v7-m/nofp\libc_nano.a(lib_a-wbuf.o)
                0x00000000080030a8                __swbuf_r
 .text.__swsetup_r
                0x000000000800314c       0xdc c:/st/stm32cubeide_1.10.1/stm32cubeide/plugins/com.st.stm32cube.ide.mcu.externaltools.gnu-tools-for-stm32.10.3-2021.10.win32_1.0.200.202301161003/tools/bin/../lib/gcc/arm-none-eabi/10.3.1/../../../../arm-none-eabi/lib/thumb/v7-m/nofp\libc_nano.a(lib_a-wsetup.o)
                0x000000000800314c                __swsetup_r
 .text.__sflush_r
                0x0000000008003228      0x104 c:/st/stm32cubeide_1.10.1/stm32cubeide/plugins/com.st.stm32cube.ide.mcu.externaltools.gnu-tools-for-stm32.10.3-2021.10.win32_1.0.200.202301161003/tools/bin/../lib/gcc/arm-none-eabi/10.3.1/../../../../arm-none-eabi/lib/thumb/v7-m/nofp\libc_nano.a(lib_a-fflush.o)
                0x0000000008003228                __sflush_r
 .text._fflush_r
                0x000000000800332c       0x78 c:/st/stm32cubeide_1.10.1/stm32cubeide/plugins/com.st.stm32cube.ide.mcu.externaltools.gnu-tools-for-stm32.10.3-2021.10.win32_1.0.200.202301161003/tools/bin/../lib/gcc/arm-none-eabi/10.3.1/../../../../arm-none-eabi/lib/thumb/v7-m/nofp\libc_nano.a(lib_a-fflush.o)
                0x000000000800332c                _fflush_r
 .text.std      0x00000000080033a4       0x48 c:/st/stm32cubeide_1.10.1/stm32cubeide/plugins/com.st.stm32cube.ide.mcu.externaltools.gnu-tools-for-stm32.10.3-2021.10.win32_1.0.200.202301161003/tools/bin/../lib/gcc/arm-none-eabi/10.3.1/../../../../arm-none-eabi/lib/thumb/v7-m/nofp\libc_nano.a(lib_a-findfp.o)
 .text._cleanup_r
                0x00000000080033ec        0xc c:/st/stm32cubeide_1.10.1/stm32cubeide/plugins/com.st.stm32cube.ide.mcu.externaltools.gnu-tools-for-stm32.10.3-2021.10.win32_1.0.200.202301161003/tools/bin/../lib/gcc/arm-none-eabi/10.3.1/../../../../arm-none-eabi/lib/thumb/v7-m/nofp\libc_nano.a(lib_a-findfp.o)
                0x00000000080033ec                _cleanup_r
 .text.__sfmoreglue
                0x00000000080033f8       0x2c c:/st/stm32cubeide_1.10.1/stm32cubeide/plugins/com.st.stm32cube.ide.mcu.externaltools.gnu-tools-for-stm32.10.3-2021.10.win32_1.0.200.202301161003/tools/bin/../lib/gcc/arm-none-eabi/10.3.1/../../../../arm-none-eabi/lib/thumb/v7-m/nofp\libc_nano.a(lib_a-findfp.o)
                0x00000000080033f8                __sfmoreglue
 .text.__sfp_lock_acquire
                0x0000000008003424        0xc c:/st/stm32cubeide_1.10.1/stm32cubeide/plugins/com.st.stm32cube.ide.mcu.externaltools.gnu-tools-for-stm32.10.3-2021.10.win32_1.0.200.202301161003/tools/bin/../lib/gcc/arm-none-eabi/10.3.1/../../../../arm-none-eabi/lib/thumb/v7-m/nofp\libc_nano.a(lib_a-findfp.o)
                0x0000000008003424                __sfp_lock_acquire
 .text.__sfp_lock_release
                0x0000000008003430        0xc c:/st/stm32cubeide_1.10.1/stm32cubeide/plugins/com.st.stm32cube.ide.mcu.externaltools.gnu-tools-for-stm32.10.3-2021.10.win32_1.0.200.202301161003/tools/bin/../lib/gcc/arm-none-eabi/10.3.1/../../../../arm-none-eabi/lib/thumb/v7-m/nofp\libc_nano.a(lib_a-findfp.o)
                0x0000000008003430                __sfp_lock_release
 .text.__sinit_lock_acquire
                0x000000000800343c        0xc c:/st/stm32cubeide_1.10.1/stm32cubeide/plugins/com.st.stm32cube.ide.mcu.externaltools.gnu-tools-for-stm32.10.3-2021.10.win32_1.0.200.202301161003/tools/bin/../lib/gcc/arm-none-eabi/10.3.1/../../../../arm-none-eabi/lib/thumb/v7-m/nofp\libc_nano.a(lib_a-findfp.o)
                0x000000000800343c                __sinit_lock_acquire
 .text.__sinit_lock_release
                0x0000000008003448        0xc c:/st/stm32cubeide_1.10.1/stm32cubeide/plugins/com.st.stm32cube.ide.mcu.externaltools.gnu-tools-for-stm32.10.3-2021.10.win32_1.0.200.202301161003/tools/bin/../lib/gcc/arm-none-eabi/10.3.1/../../../../arm-none-eabi/lib/thumb/v7-m/nofp\libc_nano.a(lib_a-findfp.o)
                0x0000000008003448                __sinit_lock_release
 .text.__sinit  0x0000000008003454       0x70 c:/st/stm32cubeide_1.10.1/stm32cubeide/plugins/com.st.stm32cube.ide.mcu.externaltools.gnu-tools-for-stm32.10.3-2021.10.win32_1.0.200.202301161003/tools/bin/../lib/gcc/arm-none-eabi/10.3.1/../../../../arm-none-eabi/lib/thumb/v7-m/nofp\libc_nano.a(lib_a-findfp.o)
                0x0000000008003454                __sinit
 .text.__sfp    0x00000000080034c4       0x8c c:/st/stm32cubeide_1.10.1/stm32cubeide/plugins/com.st.stm32cube.ide.mcu.externaltools.gnu-tools-for-stm32.10.3-2021.10.win32_1.0.200.202301161003/tools/bin/../lib/gcc/arm-none-eabi/10.3.1/../../../../arm-none-eabi/lib/thumb/v7-m/nofp\libc_nano.a(lib_a-findfp.o)
                0x00000000080034c4                __sfp
 .text._fwalk_reent
                0x0000000008003550       0x3e c:/st/stm32cubeide_1.10.1/stm32cubeide/plugins/com.st.stm32cube.ide.mcu.externaltools.gnu-tools-for-stm32.10.3-2021.10.win32_1.0.200.202301161003/tools/bin/../lib/gcc/arm-none-eabi/10.3.1/../../../../arm-none-eabi/lib/thumb/v7-m/nofp\libc_nano.a(lib_a-fwalk.o)
                0x0000000008003550                _fwalk_reent
 .text.__retarget_lock_init_recursive
                0x000000000800358e        0x2 c:/st/stm32cubeide_1.10.1/stm32cubeide/plugins/com.st.stm32cube.ide.mcu.externaltools.gnu-tools-for-stm32.10.3-2021.10.win32_1.0.200.202301161003/tools/bin/../lib/gcc/arm-none-eabi/10.3.1/../../../../arm-none-eabi/lib/thumb/v7-m/nofp\libc_nano.a(lib_a-lock.o)
                0x000000000800358e                __retarget_lock_init_recursive
 .text.__retarget_lock_acquire_recursive
                0x0000000008003590        0x2 c:/st/stm32cubeide_1.10.1/stm32cubeide/plugins/com.st.stm32cube.ide.mcu.externaltools.gnu-tools-for-stm32.10.3-2021.10.win32_1.0.200.202301161003/tools/bin/../lib/gcc/arm-none-eabi/10.3.1/../../../../arm-none-eabi/lib/thumb/v7-m/nofp\libc_nano.a(lib_a-lock.o)
                0x0000000008003590                __retarget_lock_acquire_recursive
 .text.__retarget_lock_release_recursive
                0x0000000008003592        0x2 c:/st/stm32cubeide_1.10.1/stm32cubeide/plugins/com.st.stm32cube.ide.mcu.externaltools.gnu-tools-for-stm32.10.3-2021.10.win32_1.0.200.202301161003/tools/bin/../lib/gcc/arm-none-eabi/10.3.1/../../../../arm-none-eabi/lib/thumb/v7-m/nofp\libc_nano.a(lib_a-lock.o)
                0x0000000008003592                __retarget_lock_release_recursive
 .text.__swhatbuf_r
                0x0000000008003594       0x4a c:/st/stm32cubeide_1.10.1/stm32cubeide/plugins/com.st.stm32cube.ide.mcu.externaltools.gnu-tools-for-stm32.10.3-2021.10.win32_1.0.200.202301161003/tools/bin/../lib/gcc/arm-none-eabi/10.3.1/../../../../arm-none-eabi/lib/thumb/v7-m/nofp\libc_nano.a(lib_a-makebuf.o)
                0x0000000008003594                __swhatbuf_r
 *fill*         0x00000000080035de        0x2 
 .text.__smakebuf_r
                0x00000000080035e0       0x80 c:/st/stm32cubeide_1.10.1/stm32cubeide/plugins/com.st.stm32cube.ide.mcu.externaltools.gnu-tools-for-stm32.10.3-2021.10.win32_1.0.200.202301161003/tools/bin/../lib/gcc/arm-none-eabi/10.3.1/../../../../arm-none-eabi/lib/thumb/v7-m/nofp\libc_nano.a(lib_a-makebuf.o)
                0x00000000080035e0                __smakebuf_r
 .text.malloc   0x0000000008003660       0x10 c:/st/stm32cubeide_1.10.1/stm32cubeide/plugins/com.st.stm32cube.ide.mcu.externaltools.gnu-tools-for-stm32.10.3-2021.10.win32_1.0.200.202301161003/tools/bin/../lib/gcc/arm-none-eabi/10.3.1/../../../../arm-none-eabi/lib/thumb/v7-m/nofp\libc_nano.a(lib_a-malloc.o)
                0x0000000008003660                malloc
 .text._free_r  0x0000000008003670       0x90 c:/st/stm32cubeide_1.10.1/stm32cubeide/plugins/com.st.stm32cube.ide.mcu.externaltools.gnu-tools-for-stm32.10.3-2021.10.win32_1.0.200.202301161003/tools/bin/../lib/gcc/arm-none-eabi/10.3.1/../../../../arm-none-eabi/lib/thumb/v7-m/nofp\libc_nano.a(lib_a-nano-freer.o)
                0x0000000008003670                _free_r
 .text.sbrk_aligned
                0x0000000008003700       0x40 c:/st/stm32cubeide_1.10.1/stm32cubeide/plugins/com.st.stm32cube.ide.mcu.externaltools.gnu-tools-for-stm32.10.3-2021.10.win32_1.0.200.202301161003/tools/bin/../lib/gcc/arm-none-eabi/10.3.1/../../../../arm-none-eabi/lib/thumb/v7-m/nofp\libc_nano.a(lib_a-nano-mallocr.o)
 .text._malloc_r
                0x0000000008003740       0xe8 c:/st/stm32cubeide_1.10.1/stm32cubeide/plugins/com.st.stm32cube.ide.mcu.externaltools.gnu-tools-for-stm32.10.3-2021.10.win32_1.0.200.202301161003/tools/bin/../lib/gcc/arm-none-eabi/10.3.1/../../../../arm-none-eabi/lib/thumb/v7-m/nofp\libc_nano.a(lib_a-nano-mallocr.o)
                0x0000000008003740                _malloc_r
 .text.__sfputc_r
                0x0000000008003828       0x2a c:/st/stm32cubeide_1.10.1/stm32cubeide/plugins/com.st.stm32cube.ide.mcu.externaltools.gnu-tools-for-stm32.10.3-2021.10.win32_1.0.200.202301161003/tools/bin/../lib/gcc/arm-none-eabi/10.3.1/../../../../arm-none-eabi/lib/thumb/v7-m/nofp\libc_nano.a(lib_a-nano-vfprintf.o)
 .text.__sfputs_r
                0x0000000008003852       0x24 c:/st/stm32cubeide_1.10.1/stm32cubeide/plugins/com.st.stm32cube.ide.mcu.externaltools.gnu-tools-for-stm32.10.3-2021.10.win32_1.0.200.202301161003/tools/bin/../lib/gcc/arm-none-eabi/10.3.1/../../../../arm-none-eabi/lib/thumb/v7-m/nofp\libc_nano.a(lib_a-nano-vfprintf.o)
                0x0000000008003852                __sfputs_r
 *fill*         0x0000000008003876        0x2 
 .text._vfprintf_r
                0x0000000008003878      0x260 c:/st/stm32cubeide_1.10.1/stm32cubeide/plugins/com.st.stm32cube.ide.mcu.externaltools.gnu-tools-for-stm32.10.3-2021.10.win32_1.0.200.202301161003/tools/bin/../lib/gcc/arm-none-eabi/10.3.1/../../../../arm-none-eabi/lib/thumb/v7-m/nofp\libc_nano.a(lib_a-nano-vfprintf.o)
                0x0000000008003878                _vfprintf_r
                0x0000000008003878                _vfiprintf_r
 .text._printf_common
                0x0000000008003ad8       0xde c:/st/stm32cubeide_1.10.1/stm32cubeide/plugins/com.st.stm32cube.ide.mcu.externaltools.gnu-tools-for-stm32.10.3-2021.10.win32_1.0.200.202301161003/tools/bin/../lib/gcc/arm-none-eabi/10.3.1/../../../../arm-none-eabi/lib/thumb/v7-m/nofp\libc_nano.a(lib_a-nano-vfprintf_i.o)
                0x0000000008003ad8                _printf_common
 *fill*         0x0000000008003bb6        0x2 
 .text._printf_i
                0x0000000008003bb8      0x24c c:/st/stm32cubeide_1.10.1/stm32cubeide/plugins/com.st.stm32cube.ide.mcu.externaltools.gnu-tools-for-stm32.10.3-2021.10.win32_1.0.200.202301161003/tools/bin/../lib/gcc/arm-none-eabi/10.3.1/../../../../arm-none-eabi/lib/thumb/v7-m/nofp\libc_nano.a(lib_a-nano-vfprintf_i.o)
                0x0000000008003bb8                _printf_i
 .text._sbrk_r  0x0000000008003e04       0x20 c:/st/stm32cubeide_1.10.1/stm32cubeide/plugins/com.st.stm32cube.ide.mcu.externaltools.gnu-tools-for-stm32.10.3-2021.10.win32_1.0.200.202301161003/tools/bin/../lib/gcc/arm-none-eabi/10.3.1/../../../../arm-none-eabi/lib/thumb/v7-m/nofp\libc_nano.a(lib_a-sbrkr.o)
                0x0000000008003e04                _sbrk_r
 .text.__sread  0x0000000008003e24       0x22 c:/st/stm32cubeide_1.10.1/stm32cubeide/plugins/com.st.stm32cube.ide.mcu.externaltools.gnu-tools-for-stm32.10.3-2021.10.win32_1.0.200.202301161003/tools/bin/../lib/gcc/arm-none-eabi/10.3.1/../../../../arm-none-eabi/lib/thumb/v7-m/nofp\libc_nano.a(lib_a-stdio.o)
                0x0000000008003e24                __sread
 .text.__swrite
                0x0000000008003e46       0x38 c:/st/stm32cubeide_1.10.1/stm32cubeide/plugins/com.st.stm32cube.ide.mcu.externaltools.gnu-tools-for-stm32.10.3-2021.10.win32_1.0.200.202301161003/tools/bin/../lib/gcc/arm-none-eabi/10.3.1/../../../../arm-none-eabi/lib/thumb/v7-m/nofp\libc_nano.a(lib_a-stdio.o)
                0x0000000008003e46                __swrite
 .text.__sseek  0x0000000008003e7e       0x24 c:/st/stm32cubeide_1.10.1/stm32cubeide/plugins/com.st.stm32cube.ide.mcu.externaltools.gnu-tools-for-stm32.10.3-2021.10.win32_1.0.200.202301161003/tools/bin/../lib/gcc/arm-none-eabi/10.3.1/../../../../arm-none-eabi/lib/thumb/v7-m/nofp\libc_nano.a(lib_a-stdio.o)
                0x0000000008003e7e                __sseek
 .text.__sclose
                0x0000000008003ea2        0x8 c:/st/stm32cubeide_1.10.1/stm32cubeide/plugins/com.st.stm32cube.ide.mcu.externaltools.gnu-tools-for-stm32.10.3-2021.10.win32_1.0.200.202301161003/tools/bin/../lib/gcc/arm-none-eabi/10.3.1/../../../../arm-none-eabi/lib/thumb/v7-m/nofp\libc_nano.a(lib_a-stdio.o)
                0x0000000008003ea2                __sclose
 *fill*         0x0000000008003eaa        0x2 
 .text._write_r
                0x0000000008003eac       0x24 c:/st/stm32cubeide_1.10.1/stm32cubeide/plugins/com.st.stm32cube.ide.mcu.externaltools.gnu-tools-for-stm32.10.3-2021.10.win32_1.0.200.202301161003/tools/bin/../lib/gcc/arm-none-eabi/10.3.1/../../../../arm-none-eabi/lib/thumb/v7-m/nofp\libc_nano.a(lib_a-writer.o)
                0x0000000008003eac                _write_r
 .text._close_r
                0x0000000008003ed0       0x20 c:/st/stm32cubeide_1.10.1/stm32cubeide/plugins/com.st.stm32cube.ide.mcu.externaltools.gnu-tools-for-stm32.10.3-2021.10.win32_1.0.200.202301161003/tools/bin/../lib/gcc/arm-none-eabi/10.3.1/../../../../arm-none-eabi/lib/thumb/v7-m/nofp\libc_nano.a(lib_a-closer.o)
                0x0000000008003ed0                _close_r
 .text._fstat_r
                0x0000000008003ef0       0x24 c:/st/stm32cubeide_1.10.1/stm32cubeide/plugins/com.st.stm32cube.ide.mcu.externaltools.gnu-tools-for-stm32.10.3-2021.10.win32_1.0.200.202301161003/tools/bin/../lib/gcc/arm-none-eabi/10.3.1/../../../../arm-none-eabi/lib/thumb/v7-m/nofp\libc_nano.a(lib_a-fstatr.o)
                0x0000000008003ef0                _fstat_r
 .text._isatty_r
                0x0000000008003f14       0x20 c:/st/stm32cubeide_1.10.1/stm32cubeide/plugins/com.st.stm32cube.ide.mcu.externaltools.gnu-tools-for-stm32.10.3-2021.10.win32_1.0.200.202301161003/tools/bin/../lib/gcc/arm-none-eabi/10.3.1/../../../../arm-none-eabi/lib/thumb/v7-m/nofp\libc_nano.a(lib_a-isattyr.o)
                0x0000000008003f14                _isatty_r
 .text._lseek_r
                0x0000000008003f34       0x24 c:/st/stm32cubeide_1.10.1/stm32cubeide/plugins/com.st.stm32cube.ide.mcu.externaltools.gnu-tools-for-stm32.10.3-2021.10.win32_1.0.200.202301161003/tools/bin/../lib/gcc/arm-none-eabi/10.3.1/../../../../arm-none-eabi/lib/thumb/v7-m/nofp\libc_nano.a(lib_a-lseekr.o)
                0x0000000008003f34                _lseek_r
 .text.memchr   0x0000000008003f58       0x1c c:/st/stm32cubeide_1.10.1/stm32cubeide/plugins/com.st.stm32cube.ide.mcu.externaltools.gnu-tools-for-stm32.10.3-2021.10.win32_1.0.200.202301161003/tools/bin/../lib/gcc/arm-none-eabi/10.3.1/../../../../arm-none-eabi/lib/thumb/v7-m/nofp\libc_nano.a(lib_a-memchr-stub.o)
                0x0000000008003f58                memchr
 .text.__malloc_lock
                0x0000000008003f74        0xc c:/st/stm32cubeide_1.10.1/stm32cubeide/plugins/com.st.stm32cube.ide.mcu.externaltools.gnu-tools-for-stm32.10.3-2021.10.win32_1.0.200.202301161003/tools/bin/../lib/gcc/arm-none-eabi/10.3.1/../../../../arm-none-eabi/lib/thumb/v7-m/nofp\libc_nano.a(lib_a-mlock.o)
                0x0000000008003f74                __malloc_lock
 .text.__malloc_unlock
                0x0000000008003f80        0xc c:/st/stm32cubeide_1.10.1/stm32cubeide/plugins/com.st.stm32cube.ide.mcu.externaltools.gnu-tools-for-stm32.10.3-2021.10.win32_1.0.200.202301161003/tools/bin/../lib/gcc/arm-none-eabi/10.3.1/../../../../arm-none-eabi/lib/thumb/v7-m/nofp\libc_nano.a(lib_a-mlock.o)
                0x0000000008003f80                __malloc_unlock
 .text._read_r  0x0000000008003f8c       0x24 c:/st/stm32cubeide_1.10.1/stm32cubeide/plugins/com.st.stm32cube.ide.mcu.externaltools.gnu-tools-for-stm32.10.3-2021.10.win32_1.0.200.202301161003/tools/bin/../lib/gcc/arm-none-eabi/10.3.1/../../../../arm-none-eabi/lib/thumb/v7-m/nofp\libc_nano.a(lib_a-readr.o)
                0x0000000008003f8c                _read_r
 *(.glue_7)
 .glue_7        0x0000000008003fb0        0x0 linker stubs
 *(.glue_7t)
 .glue_7t       0x0000000008003fb0        0x0 linker stubs
 *(.eh_frame)
 .eh_frame      0x0000000008003fb0        0x0 c:/st/stm32cubeide_1.10.1/stm32cubeide/plugins/com.st.stm32cube.ide.mcu.externaltools.gnu-tools-for-stm32.10.3-2021.10.win32_1.0.200.202301161003/tools/bin/../lib/gcc/arm-none-eabi/10.3.1/thumb/v7-m/nofp/crtbegin.o
 *(.init)
 .init          0x0000000008003fb0        0x4 c:/st/stm32cubeide_1.10.1/stm32cubeide/plugins/com.st.stm32cube.ide.mcu.externaltools.gnu-tools-for-stm32.10.3-2021.10.win32_1.0.200.202301161003/tools/bin/../lib/gcc/arm-none-eabi/10.3.1/thumb/v7-m/nofp/crti.o
                0x0000000008003fb0                _init
 .init          0x0000000008003fb4        0x8 c:/st/stm32cubeide_1.10.1/stm32cubeide/plugins/com.st.stm32cube.ide.mcu.externaltools.gnu-tools-for-stm32.10.3-2021.10.win32_1.0.200.202301161003/tools/bin/../lib/gcc/arm-none-eabi/10.3.1/thumb/v7-m/nofp/crtn.o
 *(.fini)
 .fini          0x0000000008003fbc        0x4 c:/st/stm32cubeide_1.10.1/stm32cubeide/plugins/com.st.stm32cube.ide.mcu.externaltools.gnu-tools-for-stm32.10.3-2021.10.win32_1.0.200.202301161003/tools/bin/../lib/gcc/arm-none-eabi/10.3.1/thumb/v7-m/nofp/crti.o
                0x0000000008003fbc                _fini
 .fini          0x0000000008003fc0        0x8 c:/st/stm32cubeide_1.10.1/stm32cubeide/plugins/com.st.stm32cube.ide.mcu.externaltools.gnu-tools-for-stm32.10.3-2021.10.win32_1.0.200.202301161003/tools/bin/../lib/gcc/arm-none-eabi/10.3.1/thumb/v7-m/nofp/crtn.o
                0x0000000008003fc8                . = ALIGN (0x4)
                0x0000000008003fc8                _etext = .

.vfp11_veneer   0x0000000008003fc8        0x0
 .vfp11_veneer  0x0000000008003fc8        0x0 linker stubs

.v4_bx          0x0000000008003fc8        0x0
 .v4_bx         0x0000000008003fc8        0x0 linker stubs

.iplt           0x0000000008003fc8        0x0
 .iplt          0x0000000008003fc8        0x0 c:/st/stm32cubeide_1.10.1/stm32cubeide/plugins/com.st.stm32cube.ide.mcu.externaltools.gnu-tools-for-stm32.10.3-2021.10.win32_1.0.200.202301161003/tools/bin/../lib/gcc/arm-none-eabi/10.3.1/thumb/v7-m/nofp/crtbegin.o

.rodata         0x0000000008003fc8      0x520
                0x0000000008003fc8                . = ALIGN (0x4)
 *(.rodata)
 .rodata        0x0000000008003fc8       0x10 ./Core/W5500/W5500_SPI.o
 *(.rodata*)
 .rodata.my_ip_conflict.str1.1
                0x0000000008003fd8       0x17 ./Core/Src/main.o
 .rodata.Display_Net_Conf.str1.1
                0x0000000008003fef       0xd8 ./Core/Src/main.o
                                         0xec (size before relaxing)
 .rodata.my_ip_assign.str1.1
                0x00000000080040c7       0x1e ./Core/Src/main.o
                                         0x20 (size before relaxing)
 .rodata.PHYStatusCheck.str1.1
                0x00000000080040e5       0x56 ./Core/Src/main.o
 .rodata.PrintPHYConf.str1.1
                0x000000000800413b       0xc1 ./Core/Src/main.o
 .rodata.main.str1.1
                0x00000000080041fc       0x3a ./Core/Src/main.o
 .rodata.AHBPrescTable
                0x0000000008004236       0x10 ./Core/Src/system_stm32f1xx.o
                0x0000000008004236                AHBPrescTable
 .rodata.APBPrescTable
                0x0000000008004246        0x8 ./Core/Src/system_stm32f1xx.o
                0x0000000008004246                APBPrescTable
 .rodata.W5500Init.str1.1
                0x000000000800424e       0x3e ./Core/W5500/W5500_SPI.o
 .rodata.send_DHCP_DECLINE.str1.1
                0x000000000800428c       0x17 ./Core/W5500/dhcp.o
 .rodata.parseDHCPMSG.str1.1
                0x00000000080042a3       0x9b ./Core/W5500/dhcp.o
 .rodata.check_DHCP_leasedIP.str1.1
                0x000000000800433e       0x2c ./Core/W5500/dhcp.o
 .rodata.send_DHCP_DISCOVER.str1.1
                0x000000000800436a       0x16 ./Core/W5500/dhcp.o
 .rodata.send_DHCP_REQUEST.str1.1
                0x0000000008004380       0x15 ./Core/W5500/dhcp.o
 .rodata.DHCP_run.str1.1
                0x0000000008004395       0xa9 ./Core/W5500/dhcp.o
 .rodata.aPLLMULFactorTable.1
                0x000000000800443e       0x10 ./Drivers/STM32F1xx_HAL_Driver/Src/stm32f1xx_hal_rcc.o
 .rodata.aPredivFactorTable.0
                0x000000000800444e        0x2 ./Drivers/STM32F1xx_HAL_Driver/Src/stm32f1xx_hal_rcc.o
 .rodata._global_impure_ptr
                0x0000000008004450        0x4 c:/st/stm32cubeide_1.10.1/stm32cubeide/plugins/com.st.stm32cube.ide.mcu.externaltools.gnu-tools-for-stm32.10.3-2021.10.win32_1.0.200.202301161003/tools/bin/../lib/gcc/arm-none-eabi/10.3.1/../../../../arm-none-eabi/lib/thumb/v7-m/nofp\libc_nano.a(lib_a-impure.o)
                0x0000000008004450                _global_impure_ptr
 .rodata.__sf_fake_stderr
                0x0000000008004454       0x20 c:/st/stm32cubeide_1.10.1/stm32cubeide/plugins/com.st.stm32cube.ide.mcu.externaltools.gnu-tools-for-stm32.10.3-2021.10.win32_1.0.200.202301161003/tools/bin/../lib/gcc/arm-none-eabi/10.3.1/../../../../arm-none-eabi/lib/thumb/v7-m/nofp\libc_nano.a(lib_a-findfp.o)
                0x0000000008004454                __sf_fake_stderr
 .rodata.__sf_fake_stdin
                0x0000000008004474       0x20 c:/st/stm32cubeide_1.10.1/stm32cubeide/plugins/com.st.stm32cube.ide.mcu.externaltools.gnu-tools-for-stm32.10.3-2021.10.win32_1.0.200.202301161003/tools/bin/../lib/gcc/arm-none-eabi/10.3.1/../../../../arm-none-eabi/lib/thumb/v7-m/nofp\libc_nano.a(lib_a-findfp.o)
                0x0000000008004474                __sf_fake_stdin
 .rodata.__sf_fake_stdout
                0x0000000008004494       0x20 c:/st/stm32cubeide_1.10.1/stm32cubeide/plugins/com.st.stm32cube.ide.mcu.externaltools.gnu-tools-for-stm32.10.3-2021.10.win32_1.0.200.202301161003/tools/bin/../lib/gcc/arm-none-eabi/10.3.1/../../../../arm-none-eabi/lib/thumb/v7-m/nofp\libc_nano.a(lib_a-findfp.o)
                0x0000000008004494                __sf_fake_stdout
 .rodata._vfprintf_r.str1.1
                0x00000000080044b4       0x11 c:/st/stm32cubeide_1.10.1/stm32cubeide/plugins/com.st.stm32cube.ide.mcu.externaltools.gnu-tools-for-stm32.10.3-2021.10.win32_1.0.200.202301161003/tools/bin/../lib/gcc/arm-none-eabi/10.3.1/../../../../arm-none-eabi/lib/thumb/v7-m/nofp\libc_nano.a(lib_a-nano-vfprintf.o)
 .rodata._printf_i.str1.1
                0x00000000080044c5       0x22 c:/st/stm32cubeide_1.10.1/stm32cubeide/plugins/com.st.stm32cube.ide.mcu.externaltools.gnu-tools-for-stm32.10.3-2021.10.win32_1.0.200.202301161003/tools/bin/../lib/gcc/arm-none-eabi/10.3.1/../../../../arm-none-eabi/lib/thumb/v7-m/nofp\libc_nano.a(lib_a-nano-vfprintf_i.o)
                0x00000000080044e8                . = ALIGN (0x4)
 *fill*         0x00000000080044e7        0x1 

.rel.dyn        0x00000000080044e8        0x0
 .rel.iplt      0x00000000080044e8        0x0 c:/st/stm32cubeide_1.10.1/stm32cubeide/plugins/com.st.stm32cube.ide.mcu.externaltools.gnu-tools-for-stm32.10.3-2021.10.win32_1.0.200.202301161003/tools/bin/../lib/gcc/arm-none-eabi/10.3.1/thumb/v7-m/nofp/crtbegin.o

.ARM.extab      0x00000000080044e8        0x0
                0x00000000080044e8                . = ALIGN (0x4)
 *(.ARM.extab* .gnu.linkonce.armextab.*)
                0x00000000080044e8                . = ALIGN (0x4)

.ARM            0x00000000080044e8        0x0
                0x00000000080044e8                . = ALIGN (0x4)
                0x00000000080044e8                __exidx_start = .
 *(.ARM.exidx*)
                0x00000000080044e8                __exidx_end = .
                0x00000000080044e8                . = ALIGN (0x4)

.preinit_array  0x00000000080044e8        0x0
                0x00000000080044e8                . = ALIGN (0x4)
                0x00000000080044e8                PROVIDE (__preinit_array_start = .)
 *(.preinit_array*)
                0x00000000080044e8                PROVIDE (__preinit_array_end = .)
                0x00000000080044e8                . = ALIGN (0x4)

.init_array     0x00000000080044e8        0x4
                0x00000000080044e8                . = ALIGN (0x4)
                0x00000000080044e8                PROVIDE (__init_array_start = .)
 *(SORT_BY_NAME(.init_array.*))
 *(.init_array*)
 .init_array    0x00000000080044e8        0x4 c:/st/stm32cubeide_1.10.1/stm32cubeide/plugins/com.st.stm32cube.ide.mcu.externaltools.gnu-tools-for-stm32.10.3-2021.10.win32_1.0.200.202301161003/tools/bin/../lib/gcc/arm-none-eabi/10.3.1/thumb/v7-m/nofp/crtbegin.o
                0x00000000080044ec                PROVIDE (__init_array_end = .)
                0x00000000080044ec                . = ALIGN (0x4)

.fini_array     0x00000000080044ec        0x4
                0x00000000080044ec                . = ALIGN (0x4)
                [!provide]                        PROVIDE (__fini_array_start = .)
 *(SORT_BY_NAME(.fini_array.*))
 *(.fini_array*)
 .fini_array    0x00000000080044ec        0x4 c:/st/stm32cubeide_1.10.1/stm32cubeide/plugins/com.st.stm32cube.ide.mcu.externaltools.gnu-tools-for-stm32.10.3-2021.10.win32_1.0.200.202301161003/tools/bin/../lib/gcc/arm-none-eabi/10.3.1/thumb/v7-m/nofp/crtbegin.o
                [!provide]                        PROVIDE (__fini_array_end = .)
                0x00000000080044f0                . = ALIGN (0x4)
                0x00000000080044f0                _sidata = LOADADDR (.data)

.data           0x0000000020000000       0xd4 load address 0x00000000080044f0
                0x0000000020000000                . = ALIGN (0x4)
                0x0000000020000000                _sdata = .
 *(.data)
 *(.data*)
 .data.gWIZNETINFO
                0x0000000020000000       0x17 ./Core/Src/main.o
                0x0000000020000000                gWIZNETINFO
 *fill*         0x0000000020000017        0x1 
 .data.SystemCoreClock
                0x0000000020000018        0x4 ./Core/Src/system_stm32f1xx.o
                0x0000000020000018                SystemCoreClock
 .data.HOST_NAME
                0x000000002000001c        0x8 ./Core/W5500/dhcp.o
                0x000000002000001c                HOST_NAME
 .data.dhcp_ip_assign
                0x0000000020000024        0x4 ./Core/W5500/dhcp.o
                0x0000000020000024                dhcp_ip_assign
 .data.dhcp_ip_conflict
                0x0000000020000028        0x4 ./Core/W5500/dhcp.o
                0x0000000020000028                dhcp_ip_conflict
 .data.dhcp_ip_update
                0x000000002000002c        0x4 ./Core/W5500/dhcp.o
                0x000000002000002c                dhcp_ip_update
 .data.dhcp_lease_time
                0x0000000020000030        0x4 ./Core/W5500/dhcp.o
                0x0000000020000030                dhcp_lease_time
 .data.dhcp_tick_next
                0x0000000020000034        0x4 ./Core/W5500/dhcp.o
                0x0000000020000034                dhcp_tick_next
 .data.sock_any_port
                0x0000000020000038        0x2 ./Core/W5500/socket.o
 *fill*         0x000000002000003a        0x2 
 .data.WIZCHIP  0x000000002000003c       0x2c ./Core/W5500/wizchip_conf.o
                0x000000002000003c                WIZCHIP
 .data.uwTickFreq
                0x0000000020000068        0x1 ./Drivers/STM32F1xx_HAL_Driver/Src/stm32f1xx_hal.o
                0x0000000020000068                uwTickFreq
 *fill*         0x0000000020000069        0x3 
 .data.uwTickPrio
                0x000000002000006c        0x4 ./Drivers/STM32F1xx_HAL_Driver/Src/stm32f1xx_hal.o
                0x000000002000006c                uwTickPrio
 .data._impure_ptr
                0x0000000020000070        0x4 c:/st/stm32cubeide_1.10.1/stm32cubeide/plugins/com.st.stm32cube.ide.mcu.externaltools.gnu-tools-for-stm32.10.3-2021.10.win32_1.0.200.202301161003/tools/bin/../lib/gcc/arm-none-eabi/10.3.1/../../../../arm-none-eabi/lib/thumb/v7-m/nofp\libc_nano.a(lib_a-impure.o)
                0x0000000020000070                _impure_ptr
 .data.impure_data
                0x0000000020000074       0x60 c:/st/stm32cubeide_1.10.1/stm32cubeide/plugins/com.st.stm32cube.ide.mcu.externaltools.gnu-tools-for-stm32.10.3-2021.10.win32_1.0.200.202301161003/tools/bin/../lib/gcc/arm-none-eabi/10.3.1/../../../../arm-none-eabi/lib/thumb/v7-m/nofp\libc_nano.a(lib_a-impure.o)
 *(.RamFunc)
 *(.RamFunc*)
                0x00000000200000d4                . = ALIGN (0x4)
                0x00000000200000d4                _edata = .

.igot.plt       0x00000000200000d4        0x0 load address 0x00000000080045c4
 .igot.plt      0x00000000200000d4        0x0 c:/st/stm32cubeide_1.10.1/stm32cubeide/plugins/com.st.stm32cube.ide.mcu.externaltools.gnu-tools-for-stm32.10.3-2021.10.win32_1.0.200.202301161003/tools/bin/../lib/gcc/arm-none-eabi/10.3.1/thumb/v7-m/nofp/crtbegin.o
                0x00000000200000d4                . = ALIGN (0x4)

.bss            0x00000000200000d4      0x39c load address 0x00000000080045c4
                0x00000000200000d4                _sbss = .
                0x00000000200000d4                __bss_start__ = _sbss
 *(.bss)
 .bss           0x00000000200000d4       0x1c c:/st/stm32cubeide_1.10.1/stm32cubeide/plugins/com.st.stm32cube.ide.mcu.externaltools.gnu-tools-for-stm32.10.3-2021.10.win32_1.0.200.202301161003/tools/bin/../lib/gcc/arm-none-eabi/10.3.1/thumb/v7-m/nofp/crtbegin.o
 *(.bss*)
 .bss.gDHCPBUF  0x00000000200000f0      0x224 ./Core/Src/main.o
                0x00000000200000f0                gDHCPBUF
 .bss.hspi1     0x0000000020000314       0x58 ./Core/Src/main.o
                0x0000000020000314                hspi1
 .bss.huart1    0x000000002000036c       0x48 ./Core/Src/main.o
                0x000000002000036c                huart1
 .bss.huart2    0x00000000200003b4       0x48 ./Core/Src/main.o
                0x00000000200003b4                huart2
 .bss.my_dhcp_retry
                0x00000000200003fc        0x1 ./Core/Src/main.o
                0x00000000200003fc                my_dhcp_retry
 *fill*         0x00000000200003fd        0x3 
 .bss.__sbrk_heap_end
                0x0000000020000400        0x4 ./Core/Src/sysmem.o
 .bss.DHCP_CHADDR
                0x0000000020000404        0x6 ./Core/W5500/dhcp.o
                0x0000000020000404                DHCP_CHADDR
 .bss.DHCP_REAL_SIP
                0x000000002000040a        0x4 ./Core/W5500/dhcp.o
                0x000000002000040a                DHCP_REAL_SIP
 .bss.DHCP_SIP  0x000000002000040e        0x4 ./Core/W5500/dhcp.o
                0x000000002000040e                DHCP_SIP
 .bss.DHCP_SOCKET
                0x0000000020000412        0x1 ./Core/W5500/dhcp.o
                0x0000000020000412                DHCP_SOCKET
 *fill*         0x0000000020000413        0x1 
 .bss.DHCP_XID  0x0000000020000414        0x4 ./Core/W5500/dhcp.o
                0x0000000020000414                DHCP_XID
 .bss.DHCP_allocated_dns
                0x0000000020000418        0x4 ./Core/W5500/dhcp.o
                0x0000000020000418                DHCP_allocated_dns
 .bss.DHCP_allocated_gw
                0x000000002000041c        0x4 ./Core/W5500/dhcp.o
                0x000000002000041c                DHCP_allocated_gw
 .bss.DHCP_allocated_ip
                0x0000000020000420        0x4 ./Core/W5500/dhcp.o
                0x0000000020000420                DHCP_allocated_ip
 .bss.DHCP_allocated_sn
                0x0000000020000424        0x4 ./Core/W5500/dhcp.o
                0x0000000020000424                DHCP_allocated_sn
 .bss.OLD_allocated_ip
                0x0000000020000428        0x4 ./Core/W5500/dhcp.o
                0x0000000020000428                OLD_allocated_ip
 .bss.dhcp_retry_count
                0x000000002000042c        0x1 ./Core/W5500/dhcp.o
                0x000000002000042c                dhcp_retry_count
 .bss.dhcp_state
                0x000000002000042d        0x1 ./Core/W5500/dhcp.o
                0x000000002000042d                dhcp_state
 *fill*         0x000000002000042e        0x2 
 .bss.dhcp_tick_1s
                0x0000000020000430        0x4 ./Core/W5500/dhcp.o
                0x0000000020000430                dhcp_tick_1s
 .bss.pDHCPMSG  0x0000000020000434        0x4 ./Core/W5500/dhcp.o
                0x0000000020000434                pDHCPMSG
 .bss.sock_io_mode
                0x0000000020000438        0x2 ./Core/W5500/socket.o
 .bss.sock_is_sending
                0x000000002000043a        0x2 ./Core/W5500/socket.o
 .bss.sock_pack_info
                0x000000002000043c        0x8 ./Core/W5500/socket.o
                0x000000002000043c                sock_pack_info
 .bss.sock_remained_size
                0x0000000020000444       0x10 ./Core/W5500/socket.o
 .bss._DHCP_    0x0000000020000454        0x1 ./Core/W5500/wizchip_conf.o
 .bss._DNS_     0x0000000020000455        0x4 ./Core/W5500/wizchip_conf.o
 *fill*         0x0000000020000459        0x3 
 .bss.uwTick    0x000000002000045c        0x4 ./Drivers/STM32F1xx_HAL_Driver/Src/stm32f1xx_hal.o
                0x000000002000045c                uwTick
 .bss.__lock___malloc_recursive_mutex
                0x0000000020000460        0x1 c:/st/stm32cubeide_1.10.1/stm32cubeide/plugins/com.st.stm32cube.ide.mcu.externaltools.gnu-tools-for-stm32.10.3-2021.10.win32_1.0.200.202301161003/tools/bin/../lib/gcc/arm-none-eabi/10.3.1/../../../../arm-none-eabi/lib/thumb/v7-m/nofp\libc_nano.a(lib_a-lock.o)
                0x0000000020000460                __lock___malloc_recursive_mutex
 .bss.__lock___sfp_recursive_mutex
                0x0000000020000461        0x1 c:/st/stm32cubeide_1.10.1/stm32cubeide/plugins/com.st.stm32cube.ide.mcu.externaltools.gnu-tools-for-stm32.10.3-2021.10.win32_1.0.200.202301161003/tools/bin/../lib/gcc/arm-none-eabi/10.3.1/../../../../arm-none-eabi/lib/thumb/v7-m/nofp\libc_nano.a(lib_a-lock.o)
                0x0000000020000461                __lock___sfp_recursive_mutex
 .bss.__lock___sinit_recursive_mutex
                0x0000000020000462        0x1 c:/st/stm32cubeide_1.10.1/stm32cubeide/plugins/com.st.stm32cube.ide.mcu.externaltools.gnu-tools-for-stm32.10.3-2021.10.win32_1.0.200.202301161003/tools/bin/../lib/gcc/arm-none-eabi/10.3.1/../../../../arm-none-eabi/lib/thumb/v7-m/nofp\libc_nano.a(lib_a-lock.o)
                0x0000000020000462                __lock___sinit_recursive_mutex
 *fill*         0x0000000020000463        0x1 
 .bss.__malloc_free_list
                0x0000000020000464        0x4 c:/st/stm32cubeide_1.10.1/stm32cubeide/plugins/com.st.stm32cube.ide.mcu.externaltools.gnu-tools-for-stm32.10.3-2021.10.win32_1.0.200.202301161003/tools/bin/../lib/gcc/arm-none-eabi/10.3.1/../../../../arm-none-eabi/lib/thumb/v7-m/nofp\libc_nano.a(lib_a-nano-mallocr.o)
                0x0000000020000464                __malloc_free_list
 .bss.__malloc_sbrk_start
                0x0000000020000468        0x4 c:/st/stm32cubeide_1.10.1/stm32cubeide/plugins/com.st.stm32cube.ide.mcu.externaltools.gnu-tools-for-stm32.10.3-2021.10.win32_1.0.200.202301161003/tools/bin/../lib/gcc/arm-none-eabi/10.3.1/../../../../arm-none-eabi/lib/thumb/v7-m/nofp\libc_nano.a(lib_a-nano-mallocr.o)
                0x0000000020000468                __malloc_sbrk_start
 .bss.errno     0x000000002000046c        0x4 c:/st/stm32cubeide_1.10.1/stm32cubeide/plugins/com.st.stm32cube.ide.mcu.externaltools.gnu-tools-for-stm32.10.3-2021.10.win32_1.0.200.202301161003/tools/bin/../lib/gcc/arm-none-eabi/10.3.1/../../../../arm-none-eabi/lib/thumb/v7-m/nofp\libc_nano.a(lib_a-reent.o)
                0x000000002000046c                errno
 *(COMMON)
                0x0000000020000470                . = ALIGN (0x4)
                0x0000000020000470                _ebss = .
                0x0000000020000470                __bss_end__ = _ebss

._user_heap_stack
                0x0000000020000470      0x600 load address 0x00000000080045c4
                0x0000000020000470                . = ALIGN (0x8)
                [!provide]                        PROVIDE (end = .)
                0x0000000020000470                PROVIDE (_end = .)
                0x0000000020000670                . = (. + _Min_Heap_Size)
 *fill*         0x0000000020000470      0x200 
                0x0000000020000a70                . = (. + _Min_Stack_Size)
 *fill*         0x0000000020000670      0x400 
                0x0000000020000a70                . = ALIGN (0x8)

/DISCARD/
 libc.a(*)
 libm.a(*)
 libgcc.a(*)

.ARM.attributes
                0x0000000000000000       0x29
 *(.ARM.attributes)
 .ARM.attributes
                0x0000000000000000       0x1d c:/st/stm32cubeide_1.10.1/stm32cubeide/plugins/com.st.stm32cube.ide.mcu.externaltools.gnu-tools-for-stm32.10.3-2021.10.win32_1.0.200.202301161003/tools/bin/../lib/gcc/arm-none-eabi/10.3.1/thumb/v7-m/nofp/crti.o
 .ARM.attributes
                0x000000000000001d       0x2d c:/st/stm32cubeide_1.10.1/stm32cubeide/plugins/com.st.stm32cube.ide.mcu.externaltools.gnu-tools-for-stm32.10.3-2021.10.win32_1.0.200.202301161003/tools/bin/../lib/gcc/arm-none-eabi/10.3.1/thumb/v7-m/nofp/crtbegin.o
 .ARM.attributes
                0x000000000000004a       0x2d ./Core/Src/main.o
 .ARM.attributes
                0x0000000000000077       0x2d ./Core/Src/stm32f1xx_hal_msp.o
 .ARM.attributes
                0x00000000000000a4       0x2d ./Core/Src/stm32f1xx_it.o
 .ARM.attributes
                0x00000000000000d1       0x2d ./Core/Src/syscalls.o
 .ARM.attributes
                0x00000000000000fe       0x2d ./Core/Src/sysmem.o
 .ARM.attributes
                0x000000000000012b       0x2d ./Core/Src/system_stm32f1xx.o
 .ARM.attributes
                0x0000000000000158       0x21 ./Core/Startup/startup_stm32f103c6tx.o
 .ARM.attributes
                0x0000000000000179       0x2d ./Core/W5500/W5500/w5500.o
 .ARM.attributes
                0x00000000000001a6       0x2d ./Core/W5500/W5500_SPI.o
 .ARM.attributes
                0x00000000000001d3       0x2d ./Core/W5500/dhcp.o
 .ARM.attributes
                0x0000000000000200       0x2d ./Core/W5500/socket.o
 .ARM.attributes
                0x000000000000022d       0x2d ./Core/W5500/wizchip_conf.o
 .ARM.attributes
                0x000000000000025a       0x2d ./Drivers/STM32F1xx_HAL_Driver/Src/stm32f1xx_hal.o
 .ARM.attributes
                0x0000000000000287       0x2d ./Drivers/STM32F1xx_HAL_Driver/Src/stm32f1xx_hal_cortex.o
 .ARM.attributes
                0x00000000000002b4       0x2d ./Drivers/STM32F1xx_HAL_Driver/Src/stm32f1xx_hal_gpio.o
 .ARM.attributes
                0x00000000000002e1       0x2d ./Drivers/STM32F1xx_HAL_Driver/Src/stm32f1xx_hal_rcc.o
 .ARM.attributes
                0x000000000000030e       0x2d ./Drivers/STM32F1xx_HAL_Driver/Src/stm32f1xx_hal_spi.o
 .ARM.attributes
                0x000000000000033b       0x2d ./Drivers/STM32F1xx_HAL_Driver/Src/stm32f1xx_hal_uart.o
 .ARM.attributes
                0x0000000000000368       0x2d c:/st/stm32cubeide_1.10.1/stm32cubeide/plugins/com.st.stm32cube.ide.mcu.externaltools.gnu-tools-for-stm32.10.3-2021.10.win32_1.0.200.202301161003/tools/bin/../lib/gcc/arm-none-eabi/10.3.1/../../../../arm-none-eabi/lib/thumb/v7-m/nofp\libc_nano.a(lib_a-errno.o)
 .ARM.attributes
                0x0000000000000395       0x2d c:/st/stm32cubeide_1.10.1/stm32cubeide/plugins/com.st.stm32cube.ide.mcu.externaltools.gnu-tools-for-stm32.10.3-2021.10.win32_1.0.200.202301161003/tools/bin/../lib/gcc/arm-none-eabi/10.3.1/../../../../arm-none-eabi/lib/thumb/v7-m/nofp\libc_nano.a(lib_a-impure.o)
 .ARM.attributes
                0x00000000000003c2       0x2d c:/st/stm32cubeide_1.10.1/stm32cubeide/plugins/com.st.stm32cube.ide.mcu.externaltools.gnu-tools-for-stm32.10.3-2021.10.win32_1.0.200.202301161003/tools/bin/../lib/gcc/arm-none-eabi/10.3.1/../../../../arm-none-eabi/lib/thumb/v7-m/nofp\libc_nano.a(lib_a-init.o)
 .ARM.attributes
                0x00000000000003ef       0x2d c:/st/stm32cubeide_1.10.1/stm32cubeide/plugins/com.st.stm32cube.ide.mcu.externaltools.gnu-tools-for-stm32.10.3-2021.10.win32_1.0.200.202301161003/tools/bin/../lib/gcc/arm-none-eabi/10.3.1/../../../../arm-none-eabi/lib/thumb/v7-m/nofp\libc_nano.a(lib_a-memset.o)
 .ARM.attributes
                0x000000000000041c       0x2d c:/st/stm32cubeide_1.10.1/stm32cubeide/plugins/com.st.stm32cube.ide.mcu.externaltools.gnu-tools-for-stm32.10.3-2021.10.win32_1.0.200.202301161003/tools/bin/../lib/gcc/arm-none-eabi/10.3.1/../../../../arm-none-eabi/lib/thumb/v7-m/nofp\libc_nano.a(lib_a-printf.o)
 .ARM.attributes
                0x0000000000000449       0x2d c:/st/stm32cubeide_1.10.1/stm32cubeide/plugins/com.st.stm32cube.ide.mcu.externaltools.gnu-tools-for-stm32.10.3-2021.10.win32_1.0.200.202301161003/tools/bin/../lib/gcc/arm-none-eabi/10.3.1/../../../../arm-none-eabi/lib/thumb/v7-m/nofp\libc_nano.a(lib_a-puts.o)
 .ARM.attributes
                0x0000000000000476       0x2d c:/st/stm32cubeide_1.10.1/stm32cubeide/plugins/com.st.stm32cube.ide.mcu.externaltools.gnu-tools-for-stm32.10.3-2021.10.win32_1.0.200.202301161003/tools/bin/../lib/gcc/arm-none-eabi/10.3.1/../../../../arm-none-eabi/lib/thumb/v7-m/nofp\libc_nano.a(lib_a-setbuf.o)
 .ARM.attributes
                0x00000000000004a3       0x2d c:/st/stm32cubeide_1.10.1/stm32cubeide/plugins/com.st.stm32cube.ide.mcu.externaltools.gnu-tools-for-stm32.10.3-2021.10.win32_1.0.200.202301161003/tools/bin/../lib/gcc/arm-none-eabi/10.3.1/../../../../arm-none-eabi/lib/thumb/v7-m/nofp\libc_nano.a(lib_a-setvbuf.o)
 .ARM.attributes
                0x00000000000004d0       0x2d c:/st/stm32cubeide_1.10.1/stm32cubeide/plugins/com.st.stm32cube.ide.mcu.externaltools.gnu-tools-for-stm32.10.3-2021.10.win32_1.0.200.202301161003/tools/bin/../lib/gcc/arm-none-eabi/10.3.1/../../../../arm-none-eabi/lib/thumb/v7-m/nofp\libc_nano.a(lib_a-wbuf.o)
 .ARM.attributes
                0x00000000000004fd       0x2d c:/st/stm32cubeide_1.10.1/stm32cubeide/plugins/com.st.stm32cube.ide.mcu.externaltools.gnu-tools-for-stm32.10.3-2021.10.win32_1.0.200.202301161003/tools/bin/../lib/gcc/arm-none-eabi/10.3.1/../../../../arm-none-eabi/lib/thumb/v7-m/nofp\libc_nano.a(lib_a-wsetup.o)
 .ARM.attributes
                0x000000000000052a       0x2d c:/st/stm32cubeide_1.10.1/stm32cubeide/plugins/com.st.stm32cube.ide.mcu.externaltools.gnu-tools-for-stm32.10.3-2021.10.win32_1.0.200.202301161003/tools/bin/../lib/gcc/arm-none-eabi/10.3.1/../../../../arm-none-eabi/lib/thumb/v7-m/nofp\libc_nano.a(lib_a-fflush.o)
 .ARM.attributes
                0x0000000000000557       0x2d c:/st/stm32cubeide_1.10.1/stm32cubeide/plugins/com.st.stm32cube.ide.mcu.externaltools.gnu-tools-for-stm32.10.3-2021.10.win32_1.0.200.202301161003/tools/bin/../lib/gcc/arm-none-eabi/10.3.1/../../../../arm-none-eabi/lib/thumb/v7-m/nofp\libc_nano.a(lib_a-findfp.o)
 .ARM.attributes
                0x0000000000000584       0x2d c:/st/stm32cubeide_1.10.1/stm32cubeide/plugins/com.st.stm32cube.ide.mcu.externaltools.gnu-tools-for-stm32.10.3-2021.10.win32_1.0.200.202301161003/tools/bin/../lib/gcc/arm-none-eabi/10.3.1/../../../../arm-none-eabi/lib/thumb/v7-m/nofp\libc_nano.a(lib_a-fwalk.o)
 .ARM.attributes
                0x00000000000005b1       0x2d c:/st/stm32cubeide_1.10.1/stm32cubeide/plugins/com.st.stm32cube.ide.mcu.externaltools.gnu-tools-for-stm32.10.3-2021.10.win32_1.0.200.202301161003/tools/bin/../lib/gcc/arm-none-eabi/10.3.1/../../../../arm-none-eabi/lib/thumb/v7-m/nofp\libc_nano.a(lib_a-lock.o)
 .ARM.attributes
                0x00000000000005de       0x2d c:/st/stm32cubeide_1.10.1/stm32cubeide/plugins/com.st.stm32cube.ide.mcu.externaltools.gnu-tools-for-stm32.10.3-2021.10.win32_1.0.200.202301161003/tools/bin/../lib/gcc/arm-none-eabi/10.3.1/../../../../arm-none-eabi/lib/thumb/v7-m/nofp\libc_nano.a(lib_a-makebuf.o)
 .ARM.attributes
                0x000000000000060b       0x2d c:/st/stm32cubeide_1.10.1/stm32cubeide/plugins/com.st.stm32cube.ide.mcu.externaltools.gnu-tools-for-stm32.10.3-2021.10.win32_1.0.200.202301161003/tools/bin/../lib/gcc/arm-none-eabi/10.3.1/../../../../arm-none-eabi/lib/thumb/v7-m/nofp\libc_nano.a(lib_a-malloc.o)
 .ARM.attributes
                0x0000000000000638       0x2d c:/st/stm32cubeide_1.10.1/stm32cubeide/plugins/com.st.stm32cube.ide.mcu.externaltools.gnu-tools-for-stm32.10.3-2021.10.win32_1.0.200.202301161003/tools/bin/../lib/gcc/arm-none-eabi/10.3.1/../../../../arm-none-eabi/lib/thumb/v7-m/nofp\libc_nano.a(lib_a-nano-freer.o)
 .ARM.attributes
                0x0000000000000665       0x2d c:/st/stm32cubeide_1.10.1/stm32cubeide/plugins/com.st.stm32cube.ide.mcu.externaltools.gnu-tools-for-stm32.10.3-2021.10.win32_1.0.200.202301161003/tools/bin/../lib/gcc/arm-none-eabi/10.3.1/../../../../arm-none-eabi/lib/thumb/v7-m/nofp\libc_nano.a(lib_a-nano-mallocr.o)
 .ARM.attributes
                0x0000000000000692       0x2d c:/st/stm32cubeide_1.10.1/stm32cubeide/plugins/com.st.stm32cube.ide.mcu.externaltools.gnu-tools-for-stm32.10.3-2021.10.win32_1.0.200.202301161003/tools/bin/../lib/gcc/arm-none-eabi/10.3.1/../../../../arm-none-eabi/lib/thumb/v7-m/nofp\libc_nano.a(lib_a-nano-vfprintf.o)
 .ARM.attributes
                0x00000000000006bf       0x2d c:/st/stm32cubeide_1.10.1/stm32cubeide/plugins/com.st.stm32cube.ide.mcu.externaltools.gnu-tools-for-stm32.10.3-2021.10.win32_1.0.200.202301161003/tools/bin/../lib/gcc/arm-none-eabi/10.3.1/../../../../arm-none-eabi/lib/thumb/v7-m/nofp\libc_nano.a(lib_a-nano-vfprintf_i.o)
 .ARM.attributes
                0x00000000000006ec       0x2d c:/st/stm32cubeide_1.10.1/stm32cubeide/plugins/com.st.stm32cube.ide.mcu.externaltools.gnu-tools-for-stm32.10.3-2021.10.win32_1.0.200.202301161003/tools/bin/../lib/gcc/arm-none-eabi/10.3.1/../../../../arm-none-eabi/lib/thumb/v7-m/nofp\libc_nano.a(lib_a-sbrkr.o)
 .ARM.attributes
                0x0000000000000719       0x2d c:/st/stm32cubeide_1.10.1/stm32cubeide/plugins/com.st.stm32cube.ide.mcu.externaltools.gnu-tools-for-stm32.10.3-2021.10.win32_1.0.200.202301161003/tools/bin/../lib/gcc/arm-none-eabi/10.3.1/../../../../arm-none-eabi/lib/thumb/v7-m/nofp\libc_nano.a(lib_a-stdio.o)
 .ARM.attributes
                0x0000000000000746       0x2d c:/st/stm32cubeide_1.10.1/stm32cubeide/plugins/com.st.stm32cube.ide.mcu.externaltools.gnu-tools-for-stm32.10.3-2021.10.win32_1.0.200.202301161003/tools/bin/../lib/gcc/arm-none-eabi/10.3.1/../../../../arm-none-eabi/lib/thumb/v7-m/nofp\libc_nano.a(lib_a-writer.o)
 .ARM.attributes
                0x0000000000000773       0x2d c:/st/stm32cubeide_1.10.1/stm32cubeide/plugins/com.st.stm32cube.ide.mcu.externaltools.gnu-tools-for-stm32.10.3-2021.10.win32_1.0.200.202301161003/tools/bin/../lib/gcc/arm-none-eabi/10.3.1/../../../../arm-none-eabi/lib/thumb/v7-m/nofp\libc_nano.a(lib_a-closer.o)
 .ARM.attributes
                0x00000000000007a0       0x2d c:/st/stm32cubeide_1.10.1/stm32cubeide/plugins/com.st.stm32cube.ide.mcu.externaltools.gnu-tools-for-stm32.10.3-2021.10.win32_1.0.200.202301161003/tools/bin/../lib/gcc/arm-none-eabi/10.3.1/../../../../arm-none-eabi/lib/thumb/v7-m/nofp\libc_nano.a(lib_a-fstatr.o)
 .ARM.attributes
                0x00000000000007cd       0x2d c:/st/stm32cubeide_1.10.1/stm32cubeide/plugins/com.st.stm32cube.ide.mcu.externaltools.gnu-tools-for-stm32.10.3-2021.10.win32_1.0.200.202301161003/tools/bin/../lib/gcc/arm-none-eabi/10.3.1/../../../../arm-none-eabi/lib/thumb/v7-m/nofp\libc_nano.a(lib_a-isattyr.o)
 .ARM.attributes
                0x00000000000007fa       0x2d c:/st/stm32cubeide_1.10.1/stm32cubeide/plugins/com.st.stm32cube.ide.mcu.externaltools.gnu-tools-for-stm32.10.3-2021.10.win32_1.0.200.202301161003/tools/bin/../lib/gcc/arm-none-eabi/10.3.1/../../../../arm-none-eabi/lib/thumb/v7-m/nofp\libc_nano.a(lib_a-lseekr.o)
 .ARM.attributes
                0x0000000000000827       0x2d c:/st/stm32cubeide_1.10.1/stm32cubeide/plugins/com.st.stm32cube.ide.mcu.externaltools.gnu-tools-for-stm32.10.3-2021.10.win32_1.0.200.202301161003/tools/bin/../lib/gcc/arm-none-eabi/10.3.1/../../../../arm-none-eabi/lib/thumb/v7-m/nofp\libc_nano.a(lib_a-memchr-stub.o)
 .ARM.attributes
                0x0000000000000854       0x2d c:/st/stm32cubeide_1.10.1/stm32cubeide/plugins/com.st.stm32cube.ide.mcu.externaltools.gnu-tools-for-stm32.10.3-2021.10.win32_1.0.200.202301161003/tools/bin/../lib/gcc/arm-none-eabi/10.3.1/../../../../arm-none-eabi/lib/thumb/v7-m/nofp\libc_nano.a(lib_a-mlock.o)
 .ARM.attributes
                0x0000000000000881       0x2d c:/st/stm32cubeide_1.10.1/stm32cubeide/plugins/com.st.stm32cube.ide.mcu.externaltools.gnu-tools-for-stm32.10.3-2021.10.win32_1.0.200.202301161003/tools/bin/../lib/gcc/arm-none-eabi/10.3.1/../../../../arm-none-eabi/lib/thumb/v7-m/nofp\libc_nano.a(lib_a-readr.o)
 .ARM.attributes
                0x00000000000008ae       0x2d c:/st/stm32cubeide_1.10.1/stm32cubeide/plugins/com.st.stm32cube.ide.mcu.externaltools.gnu-tools-for-stm32.10.3-2021.10.win32_1.0.200.202301161003/tools/bin/../lib/gcc/arm-none-eabi/10.3.1/../../../../arm-none-eabi/lib/thumb/v7-m/nofp\libc_nano.a(lib_a-reent.o)
 .ARM.attributes
                0x00000000000008db       0x1d c:/st/stm32cubeide_1.10.1/stm32cubeide/plugins/com.st.stm32cube.ide.mcu.externaltools.gnu-tools-for-stm32.10.3-2021.10.win32_1.0.200.202301161003/tools/bin/../lib/gcc/arm-none-eabi/10.3.1/thumb/v7-m/nofp/crtn.o
OUTPUT(DHCP_MODBUS_TCP_STM32C6T6_WIZ5500.elf elf32-littlearm)
LOAD linker stubs
LOAD c:/st/stm32cubeide_1.10.1/stm32cubeide/plugins/com.st.stm32cube.ide.mcu.externaltools.gnu-tools-for-stm32.10.3-2021.10.win32_1.0.200.202301161003/tools/bin/../lib/gcc/arm-none-eabi/10.3.1/../../../../arm-none-eabi/lib/thumb/v7-m/nofp\libc.a
LOAD c:/st/stm32cubeide_1.10.1/stm32cubeide/plugins/com.st.stm32cube.ide.mcu.externaltools.gnu-tools-for-stm32.10.3-2021.10.win32_1.0.200.202301161003/tools/bin/../lib/gcc/arm-none-eabi/10.3.1/../../../../arm-none-eabi/lib/thumb/v7-m/nofp\libm.a
LOAD c:/st/stm32cubeide_1.10.1/stm32cubeide/plugins/com.st.stm32cube.ide.mcu.externaltools.gnu-tools-for-stm32.10.3-2021.10.win32_1.0.200.202301161003/tools/bin/../lib/gcc/arm-none-eabi/10.3.1/thumb/v7-m/nofp\libgcc.a

.debug_info     0x0000000000000000    0x10caf
 .debug_info    0x0000000000000000     0x1e84 ./Core/Src/main.o
 .debug_info    0x0000000000001e84      0xcb2 ./Core/Src/stm32f1xx_hal_msp.o
 .debug_info    0x0000000000002b36      0x122 ./Core/Src/stm32f1xx_it.o
 .debug_info    0x0000000000002c58      0x7ec ./Core/Src/syscalls.o
 .debug_info    0x0000000000003444      0x17e ./Core/Src/sysmem.o
 .debug_info    0x00000000000035c2      0x24c ./Core/Src/system_stm32f1xx.o
 .debug_info    0x000000000000380e       0x22 ./Core/Startup/startup_stm32f103c6tx.o
 .debug_info    0x0000000000003830      0x904 ./Core/W5500/W5500/w5500.o
 .debug_info    0x0000000000004134      0xc04 ./Core/W5500/W5500_SPI.o
 .debug_info    0x0000000000004d38     0x11e8 ./Core/W5500/dhcp.o
 .debug_info    0x0000000000005f20     0x127e ./Core/W5500/socket.o
 .debug_info    0x000000000000719e     0x13b1 ./Core/W5500/wizchip_conf.o
 .debug_info    0x000000000000854f      0x7ea ./Drivers/STM32F1xx_HAL_Driver/Src/stm32f1xx_hal.o
 .debug_info    0x0000000000008d39      0xd4c ./Drivers/STM32F1xx_HAL_Driver/Src/stm32f1xx_hal_cortex.o
 .debug_info    0x0000000000009a85      0x66f ./Drivers/STM32F1xx_HAL_Driver/Src/stm32f1xx_hal_gpio.o
 .debug_info    0x000000000000a0f4      0xa8e ./Drivers/STM32F1xx_HAL_Driver/Src/stm32f1xx_hal_rcc.o
 .debug_info    0x000000000000ab82     0x1dce ./Drivers/STM32F1xx_HAL_Driver/Src/stm32f1xx_hal_spi.o
 .debug_info    0x000000000000c950     0x435f ./Drivers/STM32F1xx_HAL_Driver/Src/stm32f1xx_hal_uart.o

.debug_abbrev   0x0000000000000000     0x2c00
 .debug_abbrev  0x0000000000000000      0x484 ./Core/Src/main.o
 .debug_abbrev  0x0000000000000484      0x1e2 ./Core/Src/stm32f1xx_hal_msp.o
 .debug_abbrev  0x0000000000000666       0xb8 ./Core/Src/stm32f1xx_it.o
 .debug_abbrev  0x000000000000071e      0x205 ./Core/Src/syscalls.o
 .debug_abbrev  0x0000000000000923       0xec ./Core/Src/sysmem.o
 .debug_abbrev  0x0000000000000a0f      0x141 ./Core/Src/system_stm32f1xx.o
 .debug_abbrev  0x0000000000000b50       0x12 ./Core/Startup/startup_stm32f103c6tx.o
 .debug_abbrev  0x0000000000000b62      0x296 ./Core/W5500/W5500/w5500.o
 .debug_abbrev  0x0000000000000df8      0x2d3 ./Core/W5500/W5500_SPI.o
 .debug_abbrev  0x00000000000010cb      0x32b ./Core/W5500/dhcp.o
 .debug_abbrev  0x00000000000013f6      0x240 ./Core/W5500/socket.o
 .debug_abbrev  0x0000000000001636      0x3e8 ./Core/W5500/wizchip_conf.o
 .debug_abbrev  0x0000000000001a1e      0x277 ./Drivers/STM32F1xx_HAL_Driver/Src/stm32f1xx_hal.o
 .debug_abbrev  0x0000000000001c95      0x352 ./Drivers/STM32F1xx_HAL_Driver/Src/stm32f1xx_hal_cortex.o
 .debug_abbrev  0x0000000000001fe7      0x1e7 ./Drivers/STM32F1xx_HAL_Driver/Src/stm32f1xx_hal_gpio.o
 .debug_abbrev  0x00000000000021ce      0x2f5 ./Drivers/STM32F1xx_HAL_Driver/Src/stm32f1xx_hal_rcc.o
 .debug_abbrev  0x00000000000024c3      0x355 ./Drivers/STM32F1xx_HAL_Driver/Src/stm32f1xx_hal_spi.o
 .debug_abbrev  0x0000000000002818      0x3e8 ./Drivers/STM32F1xx_HAL_Driver/Src/stm32f1xx_hal_uart.o

.debug_loc      0x0000000000000000     0xaaee
 .debug_loc     0x0000000000000000       0x78 ./Core/Src/main.o
 .debug_loc     0x0000000000000078       0xcd ./Core/Src/stm32f1xx_hal_msp.o
 .debug_loc     0x0000000000000145      0x45d ./Core/Src/syscalls.o
 .debug_loc     0x00000000000005a2       0x47 ./Core/Src/sysmem.o
 .debug_loc     0x00000000000005e9       0xe7 ./Core/Src/system_stm32f1xx.o
 .debug_loc     0x00000000000006d0      0x6a5 ./Core/W5500/W5500/w5500.o
 .debug_loc     0x0000000000000d75      0x125 ./Core/W5500/W5500_SPI.o
 .debug_loc     0x0000000000000e9a      0xc89 ./Core/W5500/dhcp.o
 .debug_loc     0x0000000000001b23     0x157e ./Core/W5500/socket.o
 .debug_loc     0x00000000000030a1      0xd17 ./Core/W5500/wizchip_conf.o
 .debug_loc     0x0000000000003db8      0x139 ./Drivers/STM32F1xx_HAL_Driver/Src/stm32f1xx_hal.o
 .debug_loc     0x0000000000003ef1      0x4c5 ./Drivers/STM32F1xx_HAL_Driver/Src/stm32f1xx_hal_cortex.o
 .debug_loc     0x00000000000043b6      0x3fd ./Drivers/STM32F1xx_HAL_Driver/Src/stm32f1xx_hal_gpio.o
 .debug_loc     0x00000000000047b3      0x610 ./Drivers/STM32F1xx_HAL_Driver/Src/stm32f1xx_hal_rcc.o
 .debug_loc     0x0000000000004dc3     0x1921 ./Drivers/STM32F1xx_HAL_Driver/Src/stm32f1xx_hal_spi.o
 .debug_loc     0x00000000000066e4     0x440a ./Drivers/STM32F1xx_HAL_Driver/Src/stm32f1xx_hal_uart.o

.debug_aranges  0x0000000000000000      0xaa0
 .debug_aranges
                0x0000000000000000       0x68 ./Core/Src/main.o
 .debug_aranges
                0x0000000000000068       0x40 ./Core/Src/stm32f1xx_hal_msp.o
 .debug_aranges
                0x00000000000000a8       0x50 ./Core/Src/stm32f1xx_it.o
 .debug_aranges
                0x00000000000000f8       0xa8 ./Core/Src/syscalls.o
 .debug_aranges
                0x00000000000001a0       0x20 ./Core/Src/sysmem.o
 .debug_aranges
                0x00000000000001c0       0x28 ./Core/Src/system_stm32f1xx.o
 .debug_aranges
                0x00000000000001e8       0x28 ./Core/Startup/startup_stm32f103c6tx.o
 .debug_aranges
                0x0000000000000210       0x60 ./Core/W5500/W5500/w5500.o
 .debug_aranges
                0x0000000000000270       0x60 ./Core/W5500/W5500_SPI.o
 .debug_aranges
                0x00000000000002d0       0xc8 ./Core/W5500/dhcp.o
 .debug_aranges
                0x0000000000000398       0x78 ./Core/W5500/socket.o
 .debug_aranges
                0x0000000000000410      0x118 ./Core/W5500/wizchip_conf.o
 .debug_aranges
                0x0000000000000528       0xd8 ./Drivers/STM32F1xx_HAL_Driver/Src/stm32f1xx_hal.o
 .debug_aranges
                0x0000000000000600       0x90 ./Drivers/STM32F1xx_HAL_Driver/Src/stm32f1xx_hal_cortex.o
 .debug_aranges
                0x0000000000000690       0x58 ./Drivers/STM32F1xx_HAL_Driver/Src/stm32f1xx_hal_gpio.o
 .debug_aranges
                0x00000000000006e8       0x88 ./Drivers/STM32F1xx_HAL_Driver/Src/stm32f1xx_hal_rcc.o
 .debug_aranges
                0x0000000000000770      0x188 ./Drivers/STM32F1xx_HAL_Driver/Src/stm32f1xx_hal_spi.o
 .debug_aranges
                0x00000000000008f8      0x1a8 ./Drivers/STM32F1xx_HAL_Driver/Src/stm32f1xx_hal_uart.o

.debug_ranges   0x0000000000000000      0xe18
 .debug_ranges  0x0000000000000000      0x1c0 ./Core/Src/main.o
 .debug_ranges  0x00000000000001c0      0x108 ./Core/Src/stm32f1xx_hal_msp.o
 .debug_ranges  0x00000000000002c8       0x40 ./Core/Src/stm32f1xx_it.o
 .debug_ranges  0x0000000000000308       0xb0 ./Core/Src/syscalls.o
 .debug_ranges  0x00000000000003b8       0x10 ./Core/Src/sysmem.o
 .debug_ranges  0x00000000000003c8       0x18 ./Core/Src/system_stm32f1xx.o
 .debug_ranges  0x00000000000003e0       0x20 ./Core/Startup/startup_stm32f103c6tx.o
 .debug_ranges  0x0000000000000400       0x50 ./Core/W5500/W5500/w5500.o
 .debug_ranges  0x0000000000000450       0xb0 ./Core/W5500/W5500_SPI.o
 .debug_ranges  0x0000000000000500       0xd0 ./Core/W5500/dhcp.o
 .debug_ranges  0x00000000000005d0       0x80 ./Core/W5500/socket.o
 .debug_ranges  0x0000000000000650      0x108 ./Core/W5500/wizchip_conf.o
 .debug_ranges  0x0000000000000758       0xc8 ./Drivers/STM32F1xx_HAL_Driver/Src/stm32f1xx_hal.o
 .debug_ranges  0x0000000000000820      0x148 ./Drivers/STM32F1xx_HAL_Driver/Src/stm32f1xx_hal_cortex.o
 .debug_ranges  0x0000000000000968       0x68 ./Drivers/STM32F1xx_HAL_Driver/Src/stm32f1xx_hal_gpio.o
 .debug_ranges  0x00000000000009d0       0xc0 ./Drivers/STM32F1xx_HAL_Driver/Src/stm32f1xx_hal_rcc.o
 .debug_ranges  0x0000000000000a90      0x190 ./Drivers/STM32F1xx_HAL_Driver/Src/stm32f1xx_hal_spi.o
 .debug_ranges  0x0000000000000c20      0x1f8 ./Drivers/STM32F1xx_HAL_Driver/Src/stm32f1xx_hal_uart.o

.debug_macro    0x0000000000000000     0x355b
 .debug_macro   0x0000000000000000      0x36f ./Core/Src/main.o
 .debug_macro   0x000000000000036f       0x28 ./Core/Src/main.o
 .debug_macro   0x0000000000000397       0x6c ./Core/Src/main.o
 .debug_macro   0x0000000000000403      0x5e7 ./Core/Src/main.o
 .debug_macro   0x00000000000009ea       0x66 ./Core/Src/main.o
 .debug_macro   0x0000000000000a50       0xd8 ./Core/Src/main.o
 .debug_macro   0x0000000000000b28       0x16 ./Core/Src/main.o
 .debug_macro   0x0000000000000b3e       0x10 ./Core/Src/main.o
 .debug_macro   0x0000000000000b4e       0x10 ./Core/Src/main.o
 .debug_macro   0x0000000000000b5e       0x1c ./Core/Src/main.o
 .debug_macro   0x0000000000000b7a       0x52 ./Core/Src/main.o
 .debug_macro   0x0000000000000bcc       0x22 ./Core/Src/main.o
 .debug_macro   0x0000000000000bee       0x10 ./Core/Src/main.o
 .debug_macro   0x0000000000000bfe       0x52 ./Core/Src/main.o
 .debug_macro   0x0000000000000c50       0xd5 ./Core/Src/main.o
 .debug_macro   0x0000000000000d25       0x1c ./Core/Src/main.o
 .debug_macro   0x0000000000000d41       0x3d ./Core/Src/main.o
 .debug_macro   0x0000000000000d7e       0x16 ./Core/Src/main.o
 .debug_macro   0x0000000000000d94      0x145 ./Core/Src/main.o
 .debug_macro   0x0000000000000ed9       0x3a ./Core/Src/main.o
 .debug_macro   0x0000000000000f13      0x1a5 ./Core/Src/stm32f1xx_hal_msp.o
 .debug_macro   0x00000000000010b8      0x1af ./Core/Src/stm32f1xx_it.o
 .debug_macro   0x0000000000001267      0x24c ./Core/Src/syscalls.o
 .debug_macro   0x00000000000014b3       0x4c ./Core/Src/syscalls.o
 .debug_macro   0x00000000000014ff       0x94 ./Core/Src/syscalls.o
 .debug_macro   0x0000000000001593       0x57 ./Core/Src/syscalls.o
 .debug_macro   0x00000000000015ea       0x10 ./Core/Src/syscalls.o
 .debug_macro   0x00000000000015fa       0x10 ./Core/Src/syscalls.o
 .debug_macro   0x000000000000160a       0x10 ./Core/Src/syscalls.o
 .debug_macro   0x000000000000161a       0x35 ./Core/Src/syscalls.o
 .debug_macro   0x000000000000164f      0x12c ./Core/Src/syscalls.o
 .debug_macro   0x000000000000177b       0x16 ./Core/Src/syscalls.o
 .debug_macro   0x0000000000001791       0x16 ./Core/Src/syscalls.o
 .debug_macro   0x00000000000017a7       0x29 ./Core/Src/syscalls.o
 .debug_macro   0x00000000000017d0       0x10 ./Core/Src/syscalls.o
 .debug_macro   0x00000000000017e0      0x241 ./Core/Src/syscalls.o
 .debug_macro   0x0000000000001a21       0x1c ./Core/Src/syscalls.o
 .debug_macro   0x0000000000001a3d       0x10 ./Core/Src/syscalls.o
 .debug_macro   0x0000000000001a4d      0x189 ./Core/Src/syscalls.o
 .debug_macro   0x0000000000001bd6       0x16 ./Core/Src/syscalls.o
 .debug_macro   0x0000000000001bec       0xce ./Core/Src/syscalls.o
 .debug_macro   0x0000000000001cba       0xff ./Core/Src/sysmem.o
 .debug_macro   0x0000000000001db9      0x23b ./Core/Src/sysmem.o
 .debug_macro   0x0000000000001ff4      0x196 ./Core/Src/system_stm32f1xx.o
 .debug_macro   0x000000000000218a       0x9d ./Core/W5500/W5500/w5500.o
 .debug_macro   0x0000000000002227      0x317 ./Core/W5500/W5500_SPI.o
 .debug_macro   0x000000000000253e      0x2a9 ./Core/W5500/dhcp.o
 .debug_macro   0x00000000000027e7       0x66 ./Core/W5500/dhcp.o