../Core/Src/main.c:539:6:my_ip_conflict	8	static
../Core/Src/main.c:494:13:Display_Net_Conf	32	static
../Core/Src/main.c:520:6:my_ip_assign	8	static
../Core/Src/main.c:103:6:UWriteData	0	static
../Core/Src/main.c:111:5:__io_putchar	8	static
../Core/Src/main.c:117:6:PHYStatusCheck	24	static
../Core/Src/main.c:137:6:PrintPHYConf	16	static
../Core/Src/main.c:325:6:SystemClock_Config	72	static,ignoring_inline_asm
../Core/Src/main.c:190:5:main	40	static,ignoring_inline_asm
../Core/Src/main.c:559:6:Error_Handler	0	static,ignoring_inline_asm
